Archive member included to satisfy reference by file (symbol)

F:/cubeide/STM32CubeIDE_1.14.1/STM32CubeIDE/plugins/com.st.stm32cube.ide.mcu.externaltools.gnu-tools-for-stm32.11.3.rel1.win32_1.1.100.202309141235/tools/bin/../lib/gcc/arm-none-eabi/11.3.1/../../../../arm-none-eabi/lib/thumb/v7-m/nofp\libg.a(libc_a-exit.o)
                              F:/cubeide/STM32CubeIDE_1.14.1/STM32CubeIDE/plugins/com.st.stm32cube.ide.mcu.externaltools.gnu-tools-for-stm32.11.3.rel1.win32_1.1.100.202309141235/tools/bin/../lib/gcc/arm-none-eabi/11.3.1/../../../../arm-none-eabi/lib/thumb/v7-m/nofp/crt0.o (exit)
F:/cubeide/STM32CubeIDE_1.14.1/STM32CubeIDE/plugins/com.st.stm32cube.ide.mcu.externaltools.gnu-tools-for-stm32.11.3.rel1.win32_1.1.100.202309141235/tools/bin/../lib/gcc/arm-none-eabi/11.3.1/../../../../arm-none-eabi/lib/thumb/v7-m/nofp\libg.a(libc_a-findfp.o)
                              F:/cubeide/STM32CubeIDE_1.14.1/STM32CubeIDE/plugins/com.st.stm32cube.ide.mcu.externaltools.gnu-tools-for-stm32.11.3.rel1.win32_1.1.100.202309141235/tools/bin/../lib/gcc/arm-none-eabi/11.3.1/../../../../arm-none-eabi/lib/thumb/v7-m/nofp\libg.a(libc_a-exit.o) (__stdio_exit_handler)
F:/cubeide/STM32CubeIDE_1.14.1/STM32CubeIDE/plugins/com.st.stm32cube.ide.mcu.externaltools.gnu-tools-for-stm32.11.3.rel1.win32_1.1.100.202309141235/tools/bin/../lib/gcc/arm-none-eabi/11.3.1/../../../../arm-none-eabi/lib/thumb/v7-m/nofp\libg.a(libc_a-fwalk.o)
                              F:/cubeide/STM32CubeIDE_1.14.1/STM32CubeIDE/plugins/com.st.stm32cube.ide.mcu.externaltools.gnu-tools-for-stm32.11.3.rel1.win32_1.1.100.202309141235/tools/bin/../lib/gcc/arm-none-eabi/11.3.1/../../../../arm-none-eabi/lib/thumb/v7-m/nofp\libg.a(libc_a-findfp.o) (_fwalk_sglue)
F:/cubeide/STM32CubeIDE_1.14.1/STM32CubeIDE/plugins/com.st.stm32cube.ide.mcu.externaltools.gnu-tools-for-stm32.11.3.rel1.win32_1.1.100.202309141235/tools/bin/../lib/gcc/arm-none-eabi/11.3.1/../../../../arm-none-eabi/lib/thumb/v7-m/nofp\libg.a(libc_a-printf.o)
                              CMakeFiles/FREERTOS_MX.elf.dir/Core/Src/freertos.c.obj (printf)
F:/cubeide/STM32CubeIDE_1.14.1/STM32CubeIDE/plugins/com.st.stm32cube.ide.mcu.externaltools.gnu-tools-for-stm32.11.3.rel1.win32_1.1.100.202309141235/tools/bin/../lib/gcc/arm-none-eabi/11.3.1/../../../../arm-none-eabi/lib/thumb/v7-m/nofp\libg.a(libc_a-puts.o)
                              CMakeFiles/FREERTOS_MX.elf.dir/Core/Src/freertos.c.obj (puts)
F:/cubeide/STM32CubeIDE_1.14.1/STM32CubeIDE/plugins/com.st.stm32cube.ide.mcu.externaltools.gnu-tools-for-stm32.11.3.rel1.win32_1.1.100.202309141235/tools/bin/../lib/gcc/arm-none-eabi/11.3.1/../../../../arm-none-eabi/lib/thumb/v7-m/nofp\libg.a(libc_a-stdio.o)
                              F:/cubeide/STM32CubeIDE_1.14.1/STM32CubeIDE/plugins/com.st.stm32cube.ide.mcu.externaltools.gnu-tools-for-stm32.11.3.rel1.win32_1.1.100.202309141235/tools/bin/../lib/gcc/arm-none-eabi/11.3.1/../../../../arm-none-eabi/lib/thumb/v7-m/nofp\libg.a(libc_a-findfp.o) (__sread)
F:/cubeide/STM32CubeIDE_1.14.1/STM32CubeIDE/plugins/com.st.stm32cube.ide.mcu.externaltools.gnu-tools-for-stm32.11.3.rel1.win32_1.1.100.202309141235/tools/bin/../lib/gcc/arm-none-eabi/11.3.1/../../../../arm-none-eabi/lib/thumb/v7-m/nofp\libg.a(libc_a-memset.o)
                              F:/cubeide/STM32CubeIDE_1.14.1/STM32CubeIDE/plugins/com.st.stm32cube.ide.mcu.externaltools.gnu-tools-for-stm32.11.3.rel1.win32_1.1.100.202309141235/tools/bin/../lib/gcc/arm-none-eabi/11.3.1/../../../../arm-none-eabi/lib/thumb/v7-m/nofp/crt0.o (memset)
F:/cubeide/STM32CubeIDE_1.14.1/STM32CubeIDE/plugins/com.st.stm32cube.ide.mcu.externaltools.gnu-tools-for-stm32.11.3.rel1.win32_1.1.100.202309141235/tools/bin/../lib/gcc/arm-none-eabi/11.3.1/../../../../arm-none-eabi/lib/thumb/v7-m/nofp\libg.a(libc_a-closer.o)
                              F:/cubeide/STM32CubeIDE_1.14.1/STM32CubeIDE/plugins/com.st.stm32cube.ide.mcu.externaltools.gnu-tools-for-stm32.11.3.rel1.win32_1.1.100.202309141235/tools/bin/../lib/gcc/arm-none-eabi/11.3.1/../../../../arm-none-eabi/lib/thumb/v7-m/nofp\libg.a(libc_a-stdio.o) (_close_r)
F:/cubeide/STM32CubeIDE_1.14.1/STM32CubeIDE/plugins/com.st.stm32cube.ide.mcu.externaltools.gnu-tools-for-stm32.11.3.rel1.win32_1.1.100.202309141235/tools/bin/../lib/gcc/arm-none-eabi/11.3.1/../../../../arm-none-eabi/lib/thumb/v7-m/nofp\libg.a(libc_a-reent.o)
                              F:/cubeide/STM32CubeIDE_1.14.1/STM32CubeIDE/plugins/com.st.stm32cube.ide.mcu.externaltools.gnu-tools-for-stm32.11.3.rel1.win32_1.1.100.202309141235/tools/bin/../lib/gcc/arm-none-eabi/11.3.1/../../../../arm-none-eabi/lib/thumb/v7-m/nofp\libg.a(libc_a-closer.o) (errno)
F:/cubeide/STM32CubeIDE_1.14.1/STM32CubeIDE/plugins/com.st.stm32cube.ide.mcu.externaltools.gnu-tools-for-stm32.11.3.rel1.win32_1.1.100.202309141235/tools/bin/../lib/gcc/arm-none-eabi/11.3.1/../../../../arm-none-eabi/lib/thumb/v7-m/nofp\libg.a(libc_a-impure.o)
[...]
Memory Configuration

Name             Origin             Length             Attributes
RAM              0x0000000020000000 0x0000000000005000 xrw
FLASH            0x0000000008000000 0x0000000000010000 xr
*default*        0x0000000000000000 0xffffffffffffffff

Linker script and memory map

LOAD F:/cubeide/STM32CubeIDE_1.14.1/STM32CubeIDE/plugins/com.st.stm32cube.ide.mcu.externaltools.gnu-tools-for-stm32.11.3.rel1.win32_1.1.100.202309141235/tools/bin/../lib/gcc/arm-none-eabi/11.3.1/thumb/v7-m/nofp/crti.o
LOAD F:/cubeide/STM32CubeIDE_1.14.1/STM32CubeIDE/plugins/com.st.stm32cube.ide.mcu.externaltools.gnu-tools-for-stm32.11.3.rel1.win32_1.1.100.202309141235/tools/bin/../lib/gcc/arm-none-eabi/11.3.1/thumb/v7-m/nofp/crtbegin.o
LOAD F:/cubeide/STM32CubeIDE_1.14.1/STM32CubeIDE/plugins/com.st.stm32cube.ide.mcu.externaltools.gnu-tools-for-stm32.11.3.rel1.win32_1.1.100.202309141235/tools/bin/../lib/gcc/arm-none-eabi/11.3.1/../../../../arm-none-eabi/lib/thumb/v7-m/nofp/crt0.o
LOAD CMakeFiles/FREERTOS_MX.elf.dir/Core/Src/freertos.c.obj
LOAD CMakeFiles/FREERTOS_MX.elf.dir/Core/Src/gpio.c.obj
LOAD CMakeFiles/FREERTOS_MX.elf.dir/Core/Src/main.c.obj
LOAD CMakeFiles/FREERTOS_MX.elf.dir/Core/Src/stm32f1xx_hal_msp.c.obj
LOAD CMakeFiles/FREERTOS_MX.elf.dir/Core/Src/stm32f1xx_hal_timebase_tim.c.obj
LOAD CMakeFiles/FREERTOS_MX.elf.dir/Core/Src/stm32f1xx_it.c.obj
LOAD CMakeFiles/FREERTOS_MX.elf.dir/Core/Src/syscalls.c.obj
LOAD CMakeFiles/FREERTOS_MX.elf.dir/Core/Src/sysmem.c.obj
LOAD CMakeFiles/FREERTOS_MX.elf.dir/Core/Src/system_stm32f1xx.c.obj
LOAD CMakeFiles/FREERTOS_MX.elf.dir/Core/Src/usart.c.obj
LOAD CMakeFiles/FREERTOS_MX.elf.dir/Core/Startup/startup_stm32f103c8tx.s.obj
LOAD CMakeFiles/FREERTOS_MX.elf.dir/Drivers/STM32F1xx_HAL_Driver/Src/stm32f1xx_hal.c.obj
LOAD CMakeFiles/FREERTOS_MX.elf.dir/Drivers/STM32F1xx_HAL_Driver/Src/stm32f1xx_hal_cortex.c.obj
LOAD CMakeFiles/FREERTOS_MX.elf.dir/Drivers/STM32F1xx_HAL_Driver/Src/stm32f1xx_hal_dma.c.obj
LOAD CMakeFiles/FREERTOS_MX.elf.dir/Drivers/STM32F1xx_HAL_Driver/Src/stm32f1xx_hal_exti.c.obj
LOAD CMakeFiles/FREERTOS_MX.elf.dir/Drivers/STM32F1xx_HAL_Driver/Src/stm32f1xx_hal_flash.c.obj
LOAD CMakeFiles/FREERTOS_MX.elf.dir/Drivers/STM32F1xx_HAL_Driver/Src/stm32f1xx_hal_flash_ex.c.obj
LOAD CMakeFiles/FREERTOS_MX.elf.dir/Drivers/STM32F1xx_HAL_Driver/Src/stm32f1xx_hal_gpio.c.obj
LOAD CMakeFiles/FREERTOS_MX.elf.dir/Drivers/STM32F1xx_HAL_Driver/Src/stm32f1xx_hal_gpio_ex.c.obj
LOAD CMakeFiles/FREERTOS_MX.elf.dir/Drivers/STM32F1xx_HAL_Driver/Src/stm32f1xx_hal_pwr.c.obj
LOAD CMakeFiles/FREERTOS_MX.elf.dir/Drivers/STM32F1xx_HAL_Driver/Src/stm32f1xx_hal_rcc.c.obj
LOAD CMakeFiles/FREERTOS_MX.elf.dir/Drivers/STM32F1xx_HAL_Driver/Src/stm32f1xx_hal_rcc_ex.c.obj
LOAD CMakeFiles/FREERTOS_MX.elf.dir/Drivers/STM32F1xx_HAL_Driver/Src/stm32f1xx_hal_tim.c.obj
LOAD CMakeFiles/FREERTOS_MX.elf.dir/Drivers/STM32F1xx_HAL_Driver/Src/stm32f1xx_hal_tim_ex.c.obj
LOAD CMakeFiles/FREERTOS_MX.elf.dir/Drivers/STM32F1xx_HAL_Driver/Src/stm32f1xx_hal_uart.c.obj
LOAD CMakeFiles/FREERTOS_MX.elf.dir/Middlewares/Third_Party/FreeRTOS/Source/CMSIS_RTOS/cmsis_os.c.obj
LOAD CMakeFiles/FREERTOS_MX.elf.dir/Middlewares/Third_Party/FreeRTOS/Source/croutine.c.obj
LOAD CMakeFiles/FREERTOS_MX.elf.dir/Middlewares/Third_Party/FreeRTOS/Source/event_groups.c.obj
LOAD CMakeFiles/FREERTOS_MX.elf.dir/Middlewares/Third_Party/FreeRTOS/Source/list.c.obj
LOAD CMakeFiles/FREERTOS_MX.elf.dir/Middlewares/Third_Party/FreeRTOS/Source/portable/GCC/ARM_CM3/port.c.obj
LOAD CMakeFiles/FREERTOS_MX.elf.dir/Middlewares/Third_Party/FreeRTOS/Source/portable/MemMang/heap_4.c.obj
LOAD CMakeFiles/FREERTOS_MX.elf.dir/Middlewares/Third_Party/FreeRTOS/Source/queue.c.obj
LOAD CMakeFiles/FREERTOS_MX.elf.dir/Middlewares/Third_Party/FreeRTOS/Source/stream_buffer.c.obj
LOAD CMakeFiles/FREERTOS_MX.elf.dir/Middlewares/Third_Party/FreeRTOS/Source/tasks.c.obj
LOAD CMakeFiles/FREERTOS_MX.elf.dir/Middlewares/Third_Party/FreeRTOS/Source/timers.c.obj
START GROUP
LOAD F:/cubeide/STM32CubeIDE_1.14.1/STM32CubeIDE/plugins/com.st.stm32cube.ide.mcu.externaltools.gnu-tools-for-stm32.11.3.rel1.win32_1.1.100.202309141235/tools/bin/../lib/gcc/arm-none-eabi/11.3.1/thumb/v7-m/nofp\libgcc.a
LOAD F:/cubeide/STM32CubeIDE_1.14.1/STM32CubeIDE/plugins/com.st.stm32cube.ide.mcu.externaltools.gnu-tools-for-stm32.11.3.rel1.win32_1.1.100.202309141235/tools/bin/../lib/gcc/arm-none-eabi/11.3.1/../../../../arm-none-eabi/lib/thumb/v7-m/nofp\libg.a
LOAD F:/cubeide/STM32CubeIDE_1.14.1/STM32CubeIDE/plugins/com.st.stm32cube.ide.mcu.externaltools.gnu-tools-for-stm32.11.3.rel1.win32_1.1.100.202309141235/tools/bin/../lib/gcc/arm-none-eabi/11.3.1/../../../../arm-none-eabi/lib/thumb/v7-m/nofp\libc.a
END GROUP
LOAD F:/cubeide/STM32CubeIDE_1.14.1/STM32CubeIDE/plugins/com.st.stm32cube.ide.mcu.externaltools.gnu-tools-for-stm32.11.3.rel1.win32_1.1.100.202309141235/tools/bin/../lib/gcc/arm-none-eabi/11.3.1/thumb/v7-m/nofp/crtend.o
LOAD F:/cubeide/STM32CubeIDE_1.14.1/STM32CubeIDE/plugins/com.st.stm32cube.ide.mcu.externaltools.gnu-tools-for-stm32.11.3.rel1.win32_1.1.100.202309141235/tools/bin/../lib/gcc/arm-none-eabi/11.3.1/thumb/v7-m/nofp/crtn.o
                0x0000000020005000                _estack = (ORIGIN (RAM) + LENGTH (RAM))
                0x0000000000000200                _Min_Heap_Size = 0x200
                0x0000000000000400                _Min_Stack_Size = 0x400

.isr_vector     0x0000000008000000      0x10c
                0x0000000008000000                . = ALIGN (0x4)
 *(.isr_vector)
 .isr_vector    0x0000000008000000      0x10c CMakeFiles/FREERTOS_MX.elf.dir/Core/Startup/startup_stm32f103c8tx.s.obj
                0x0000000008000000                g_pfnVectors
                0x000000000800010c                . = ALIGN (0x4)

.text           0x0000000008000110     0x7830
                0x0000000008000110                . = ALIGN (0x4)
 *(.text)
 .text          0x0000000008000110       0x40 F:/cubeide/STM32CubeIDE_1.14.1/STM32CubeIDE/plugins/com.st.stm32cube.ide.mcu.externaltools.gnu-tools-for-stm32.11.3.rel1.win32_1.1.100.202309141235/tools/bin/../lib/gcc/arm-none-eabi/11.3.1/thumb/v7-m/nofp/crtbegin.o
 .text          0x0000000008000150       0x10 F:/cubeide/STM32CubeIDE_1.14.1/STM32CubeIDE/plugins/com.st.stm32cube.ide.mcu.externaltools.gnu-tools-for-stm32.11.3.rel1.win32_1.1.100.202309141235/tools/bin/../lib/gcc/arm-none-eabi/11.3.1/../../../../arm-none-eabi/lib/thumb/v7-m/nofp\libg.a(libc_a-strlen.o)
                0x0000000008000150                strlen
 .text          0x0000000008000160      0x378 F:/cubeide/STM32CubeIDE_1.14.1/STM32CubeIDE/plugins/com.st.stm32cube.ide.mcu.externaltools.gnu-tools-for-stm32.11.3.rel1.win32_1.1.100.202309141235/tools/bin/../lib/gcc/arm-none-eabi/11.3.1/thumb/v7-m/nofp\libgcc.a(_arm_addsubdf3.o)
                0x0000000008000160                __aeabi_drsub
                0x0000000008000168                __aeabi_dsub
                0x0000000008000168                __subdf3
                0x000000000800016c                __aeabi_dadd
                0x000000000800016c                __adddf3
                0x00000000080003e4                __floatunsidf
                0x00000000080003e4                __aeabi_ui2d
                0x0000000008000404                __floatsidf
                0x0000000008000404                __aeabi_i2d
                0x0000000008000428                __aeabi_f2d
                0x0000000008000428                __extendsfdf2
                0x000000000800046c                __floatundidf
                0x000000000800046c                __aeabi_ul2d
                0x000000000800047c                __floatdidf
                0x000000000800047c                __aeabi_l2d
 .text          0x00000000080004d8      0x424 F:/cubeide/STM32CubeIDE_1.14.1/STM32CubeIDE/plugins/com.st.stm32cube.ide.mcu.externaltools.gnu-tools-for-stm32.11.3.rel1.win32_1.1.100.202309141235/tools/bin/../lib/gcc/arm-none-eabi/11.3.1/thumb/v7-m/nofp\libgcc.a(_arm_muldivdf3.o)
                0x00000000080004d8                __aeabi_dmul
                0x00000000080004d8                __muldf3
                0x000000000800072c                __divdf3
                0x000000000800072c                __aeabi_ddiv
 .text          0x00000000080008fc      0x110 F:/cubeide/STM32CubeIDE_1.14.1/STM32CubeIDE/plugins/com.st.stm32cube.ide.mcu.externaltools.gnu-tools-for-stm32.11.3.rel1.win32_1.1.100.202309141235/tools/bin/../lib/gcc/arm-none-eabi/11.3.1/thumb/v7-m/nofp\libgcc.a(_arm_cmpdf2.o)
                0x00000000080008fc                __gtdf2
                0x00000000080008fc                __gedf2
                0x0000000008000904                __ltdf2
                0x0000000008000904                __ledf2
                0x000000000800090c                __nedf2
                0x000000000800090c                __eqdf2
                0x000000000800090c                __cmpdf2
                0x0000000008000988                __aeabi_cdrcmple
                0x0000000008000998                __aeabi_cdcmpeq
                0x0000000008000998                __aeabi_cdcmple
                0x00000000080009a8                __aeabi_dcmpeq
                0x00000000080009bc                __aeabi_dcmplt
                0x00000000080009d0                __aeabi_dcmple
                0x00000000080009e4                __aeabi_dcmpge
                0x00000000080009f8                __aeabi_dcmpgt
 .text          0x0000000008000a0c       0x2c F:/cubeide/STM32CubeIDE_1.14.1/STM32CubeIDE/plugins/com.st.stm32cube.ide.mcu.externaltools.gnu-tools-for-stm32.11.3.rel1.win32_1.1.100.202309141235/tools/bin/../lib/gcc/arm-none-eabi/11.3.1/thumb/v7-m/nofp\libgcc.a(_arm_unorddf2.o)
                0x0000000008000a0c                __unorddf2
                0x0000000008000a0c                __aeabi_dcmpun
 .text          0x0000000008000a38       0x50 F:/cubeide/STM32CubeIDE_1.14.1/STM32CubeIDE/plugins/com.st.stm32cube.ide.mcu.externaltools.gnu-tools-for-stm32.11.3.rel1.win32_1.1.100.202309141235/tools/bin/../lib/gcc/arm-none-eabi/11.3.1/thumb/v7-m/nofp\libgcc.a(_arm_fixdfsi.o)
                0x0000000008000a38                __aeabi_d2iz
                0x0000000008000a38                __fixdfsi
 .text          0x0000000008000a88       0x30 F:/cubeide/STM32CubeIDE_1.14.1/STM32CubeIDE/plugins/com.st.stm32cube.ide.mcu.externaltools.gnu-tools-for-stm32.11.3.rel1.win32_1.1.100.202309141235/tools/bin/../lib/gcc/arm-none-eabi/11.3.1/thumb/v7-m/nofp\libgcc.a(_aeabi_uldivmod.o)
                0x0000000008000a88                __aeabi_uldivmod
 .text          0x0000000008000ab8      0x2cc F:/cubeide/STM32CubeIDE_1.14.1/STM32CubeIDE/plugins/com.st.stm32cube.ide.mcu.externaltools.gnu-tools-for-stm32.11.3.rel1.win32_1.1.100.202309141235/tools/bin/../lib/gcc/arm-none-eabi/11.3.1/thumb/v7-m/nofp\libgcc.a(_udivmoddi4.o)
                0x0000000008000ab8                __udivmoddi4
 .text          0x0000000008000d84        0x4 F:/cubeide/STM32CubeIDE_1.14.1/STM32CubeIDE/plugins/com.st.stm32cube.ide.mcu.externaltools.gnu-tools-for-stm32.11.3.rel1.win32_1.1.100.202309141235/tools/bin/../lib/gcc/arm-none-eabi/11.3.1/thumb/v7-m/nofp\libgcc.a(_dvmd_tls.o)
                0x0000000008000d84                __aeabi_idiv0
                0x0000000008000d84                __aeabi_ldiv0
 *(.text*)
 .text.StartDefaultTask
                0x0000000008000d88       0x74 CMakeFiles/FREERTOS_MX.elf.dir/Core/Src/freertos.c.obj
                0x0000000008000d88                StartDefaultTask
 .text.task_print
                0x0000000008000dfc       0x18 CMakeFiles/FREERTOS_MX.elf.dir/Core/Src/freertos.c.obj
 .text.task_print2
                0x0000000008000e14       0x28 CMakeFiles/FREERTOS_MX.elf.dir/Core/Src/freertos.c.obj
 .text.vApplicationGetIdleTaskMemory
                0x0000000008000e3c       0x18 CMakeFiles/FREERTOS_MX.elf.dir/Core/Src/freertos.c.obj
                0x0000000008000e3c                vApplicationGetIdleTaskMemory
 .text.MX_FREERTOS_Init
                0x0000000008000e54       0x30 CMakeFiles/FREERTOS_MX.elf.dir/Core/Src/freertos.c.obj
                0x0000000008000e54                MX_FREERTOS_Init
 .text.MX_GPIO_Init
                0x0000000008000e84       0x44 CMakeFiles/FREERTOS_MX.elf.dir/Core/Src/gpio.c.obj
                0x0000000008000e84                MX_GPIO_Init
 .text.HAL_TIM_PeriodElapsedCallback
                0x0000000008000ec8       0x18 CMakeFiles/FREERTOS_MX.elf.dir/Core/Src/main.c.obj
                0x0000000008000ec8                HAL_TIM_PeriodElapsedCallback
 .text.Error_Handler
                0x0000000008000ee0        0x4 CMakeFiles/FREERTOS_MX.elf.dir/Core/Src/main.c.obj
                0x0000000008000ee0                Error_Handler
 .text.SystemClock_Config
                0x0000000008000ee4       0x64 CMakeFiles/FREERTOS_MX.elf.dir/Core/Src/main.c.obj
                0x0000000008000ee4                SystemClock_Config
 .text.main     0x0000000008000f48       0x1c CMakeFiles/FREERTOS_MX.elf.dir/Core/Src/main.c.obj
                0x0000000008000f48                main
 .text.HAL_MspInit
                0x0000000008000f64       0x54 CMakeFiles/FREERTOS_MX.elf.dir/Core/Src/stm32f1xx_hal_msp.c.obj
                0x0000000008000f64                HAL_MspInit
 .text.HAL_InitTick
                0x0000000008000fb8       0x94 CMakeFiles/FREERTOS_MX.elf.dir/Core/Src/stm32f1xx_hal_timebase_tim.c.obj
                0x0000000008000fb8                HAL_InitTick
 .text.NMI_Handler
                0x000000000800104c        0x2 CMakeFiles/FREERTOS_MX.elf.dir/Core/Src/stm32f1xx_it.c.obj
                0x000000000800104c                NMI_Handler
 .text.HardFault_Handler
                0x000000000800104e        0x2 CMakeFiles/FREERTOS_MX.elf.dir/Core/Src/stm32f1xx_it.c.obj
                0x000000000800104e                HardFault_Handler
 .text.MemManage_Handler
                0x0000000008001050        0x2 CMakeFiles/FREERTOS_MX.elf.dir/Core/Src/stm32f1xx_it.c.obj
                0x0000000008001050                MemManage_Handler
 .text.BusFault_Handler
                0x0000000008001052        0x2 CMakeFiles/FREERTOS_MX.elf.dir/Core/Src/stm32f1xx_it.c.obj
                0x0000000008001052                BusFault_Handler
 .text.UsageFault_Handler
                0x0000000008001054        0x2 CMakeFiles/FREERTOS_MX.elf.dir/Core/Src/stm32f1xx_it.c.obj
                0x0000000008001054                UsageFault_Handler
 .text.DebugMon_Handler
                0x0000000008001056        0x2 CMakeFiles/FREERTOS_MX.elf.dir/Core/Src/stm32f1xx_it.c.obj
                0x0000000008001056                DebugMon_Handler
 .text.TIM1_UP_IRQHandler
                0x0000000008001058       0x10 CMakeFiles/FREERTOS_MX.elf.dir/Core/Src/stm32f1xx_it.c.obj
                0x0000000008001058                TIM1_UP_IRQHandler
 .text._getpid  0x0000000008001068        0x4 CMakeFiles/FREERTOS_MX.elf.dir/Core/Src/syscalls.c.obj
                0x0000000008001068                _getpid
 .text._kill    0x000000000800106c       0x10 CMakeFiles/FREERTOS_MX.elf.dir/Core/Src/syscalls.c.obj
                0x000000000800106c                _kill
 .text._exit    0x000000000800107c        0xc CMakeFiles/FREERTOS_MX.elf.dir/Core/Src/syscalls.c.obj
                0x000000000800107c                _exit
 .text._read    0x0000000008001088       0x20 CMakeFiles/FREERTOS_MX.elf.dir/Core/Src/syscalls.c.obj
                0x0000000008001088                _read
 .text._write   0x00000000080010a8       0x1c CMakeFiles/FREERTOS_MX.elf.dir/Core/Src/syscalls.c.obj
                0x00000000080010a8                _write
 .text._close   0x00000000080010c4        0x6 CMakeFiles/FREERTOS_MX.elf.dir/Core/Src/syscalls.c.obj
                0x00000000080010c4                _close
 .text._fstat   0x00000000080010ca        0xa CMakeFiles/FREERTOS_MX.elf.dir/Core/Src/syscalls.c.obj
                0x00000000080010ca                _fstat
 .text._isatty  0x00000000080010d4        0x4 CMakeFiles/FREERTOS_MX.elf.dir/Core/Src/syscalls.c.obj
                0x00000000080010d4                _isatty
 .text._lseek   0x00000000080010d8        0x4 CMakeFiles/FREERTOS_MX.elf.dir/Core/Src/syscalls.c.obj
                0x00000000080010d8                _lseek
 .text._sbrk    0x00000000080010dc       0x48 CMakeFiles/FREERTOS_MX.elf.dir/Core/Src/sysmem.c.obj
                0x00000000080010dc                _sbrk
 .text.SystemInit
                0x0000000008001124        0x2 CMakeFiles/FREERTOS_MX.elf.dir/Core/Src/system_stm32f1xx.c.obj
                0x0000000008001124                SystemInit
 *fill*         0x0000000008001126        0x2 
 .text.__io_putchar
                0x0000000008001128       0x24 CMakeFiles/FREERTOS_MX.elf.dir/Core/Src/usart.c.obj
                0x0000000008001128                __io_putchar
 .text.MX_USART1_UART_Init
                0x000000000800114c       0x34 CMakeFiles/FREERTOS_MX.elf.dir/Core/Src/usart.c.obj
                0x000000000800114c                MX_USART1_UART_Init
 .text.HAL_UART_MspInit
                0x0000000008001180       0x78 CMakeFiles/FREERTOS_MX.elf.dir/Core/Src/usart.c.obj
                0x0000000008001180                HAL_UART_MspInit
 .text.Reset_Handler
                0x00000000080011f8       0x48 CMakeFiles/FREERTOS_MX.elf.dir/Core/Startup/startup_stm32f103c8tx.s.obj
                0x00000000080011f8                Reset_Handler
 .text.Default_Handler
                0x0000000008001240        0x2 CMakeFiles/FREERTOS_MX.elf.dir/Core/Startup/startup_stm32f103c8tx.s.obj
                0x0000000008001240                RTC_Alarm_IRQHandler
                0x0000000008001240                EXTI2_IRQHandler
                0x0000000008001240                TIM1_CC_IRQHandler
                0x0000000008001240                PVD_IRQHandler
                0x0000000008001240                EXTI3_IRQHandler
                0x0000000008001240                EXTI0_IRQHandler
                0x0000000008001240                I2C2_EV_IRQHandler
                0x0000000008001240                ADC1_2_IRQHandler
                0x0000000008001240                SPI1_IRQHandler
                0x0000000008001240                TAMPER_IRQHandler
                0x0000000008001240                DMA1_Channel4_IRQHandler
                0x0000000008001240                USART3_IRQHandler
                0x0000000008001240                RTC_IRQHandler
                0x0000000008001240                DMA1_Channel7_IRQHandler
                0x0000000008001240                CAN1_RX1_IRQHandler
                0x0000000008001240                TIM4_IRQHandler
                0x0000000008001240                I2C1_EV_IRQHandler
                0x0000000008001240                DMA1_Channel6_IRQHandler
                0x0000000008001240                TIM3_IRQHandler
                0x0000000008001240                RCC_IRQHandler
                0x0000000008001240                TIM1_TRG_COM_IRQHandler
                0x0000000008001240                DMA1_Channel1_IRQHandler
                0x0000000008001240                Default_Handler
                0x0000000008001240                EXTI15_10_IRQHandler
                0x0000000008001240                EXTI9_5_IRQHandler
                0x0000000008001240                SPI2_IRQHandler
                0x0000000008001240                DMA1_Channel5_IRQHandler
                0x0000000008001240                EXTI4_IRQHandler
                0x0000000008001240                USB_LP_CAN1_RX0_IRQHandler
                0x0000000008001240                USB_HP_CAN1_TX_IRQHandler
                0x0000000008001240                DMA1_Channel3_IRQHandler
                0x0000000008001240                WWDG_IRQHandler
                0x0000000008001240                TIM2_IRQHandler
                0x0000000008001240                TIM1_BRK_IRQHandler
                0x0000000008001240                EXTI1_IRQHandler
                0x0000000008001240                USART2_IRQHandler
                0x0000000008001240                I2C2_ER_IRQHandler
                0x0000000008001240                DMA1_Channel2_IRQHandler
                0x0000000008001240                CAN1_SCE_IRQHandler
                0x0000000008001240                FLASH_IRQHandler
                0x0000000008001240                USART1_IRQHandler
                0x0000000008001240                I2C1_ER_IRQHandler
                0x0000000008001240                USBWakeUp_IRQHandler
 *fill*         0x0000000008001242        0x2 
 .text.HAL_Init
                0x0000000008001244       0x24 CMakeFiles/FREERTOS_MX.elf.dir/Drivers/STM32F1xx_HAL_Driver/Src/stm32f1xx_hal.c.obj
                0x0000000008001244                HAL_Init
 .text.HAL_IncTick
                0x0000000008001268       0x18 CMakeFiles/FREERTOS_MX.elf.dir/Drivers/STM32F1xx_HAL_Driver/Src/stm32f1xx_hal.c.obj
                0x0000000008001268                HAL_IncTick
 .text.HAL_GetTick
                0x0000000008001280        0xc CMakeFiles/FREERTOS_MX.elf.dir/Drivers/STM32F1xx_HAL_Driver/Src/stm32f1xx_hal.c.obj
                0x0000000008001280                HAL_GetTick
 .text.HAL_NVIC_SetPriorityGrouping
                0x000000000800128c       0x24 CMakeFiles/FREERTOS_MX.elf.dir/Drivers/STM32F1xx_HAL_Driver/Src/stm32f1xx_hal_cortex.c.obj
                0x000000000800128c                HAL_NVIC_SetPriorityGrouping
 .text.HAL_NVIC_SetPriority
                0x00000000080012b0       0x70 CMakeFiles/FREERTOS_MX.elf.dir/Drivers/STM32F1xx_HAL_Driver/Src/stm32f1xx_hal_cortex.c.obj
                0x00000000080012b0                HAL_NVIC_SetPriority
 .text.HAL_NVIC_EnableIRQ
                0x0000000008001320       0x1c CMakeFiles/FREERTOS_MX.elf.dir/Drivers/STM32F1xx_HAL_Driver/Src/stm32f1xx_hal_cortex.c.obj
                0x0000000008001320                HAL_NVIC_EnableIRQ
 .text.HAL_GPIO_Init
                0x000000000800133c      0x224 CMakeFiles/FREERTOS_MX.elf.dir/Drivers/STM32F1xx_HAL_Driver/Src/stm32f1xx_hal_gpio.c.obj
                0x000000000800133c                HAL_GPIO_Init
 .text.RCC_Delay
                0x0000000008001560       0x2c CMakeFiles/FREERTOS_MX.elf.dir/Drivers/STM32F1xx_HAL_Driver/Src/stm32f1xx_hal_rcc.c.obj
 .text.HAL_RCC_OscConfig
                0x000000000800158c      0x410 CMakeFiles/FREERTOS_MX.elf.dir/Drivers/STM32F1xx_HAL_Driver/Src/stm32f1xx_hal_rcc.c.obj
                0x000000000800158c                HAL_RCC_OscConfig
 .text.HAL_RCC_GetSysClockFreq
                0x000000000800199c       0x54 CMakeFiles/FREERTOS_MX.elf.dir/Drivers/STM32F1xx_HAL_Driver/Src/stm32f1xx_hal_rcc.c.obj
                0x000000000800199c                HAL_RCC_GetSysClockFreq
 .text.HAL_RCC_ClockConfig
                0x00000000080019f0      0x16c CMakeFiles/FREERTOS_MX.elf.dir/Drivers/STM32F1xx_HAL_Driver/Src/stm32f1xx_hal_rcc.c.obj
                0x00000000080019f0                HAL_RCC_ClockConfig
 .text.HAL_RCC_GetHCLKFreq
                0x0000000008001b5c        0xc CMakeFiles/FREERTOS_MX.elf.dir/Drivers/STM32F1xx_HAL_Driver/Src/stm32f1xx_hal_rcc.c.obj
                0x0000000008001b5c                HAL_RCC_GetHCLKFreq
 .text.HAL_RCC_GetPCLK1Freq
                0x0000000008001b68       0x20 CMakeFiles/FREERTOS_MX.elf.dir/Drivers/STM32F1xx_HAL_Driver/Src/stm32f1xx_hal_rcc.c.obj
                0x0000000008001b68                HAL_RCC_GetPCLK1Freq
 .text.HAL_RCC_GetPCLK2Freq
                0x0000000008001b88       0x20 CMakeFiles/FREERTOS_MX.elf.dir/Drivers/STM32F1xx_HAL_Driver/Src/stm32f1xx_hal_rcc.c.obj
                0x0000000008001b88                HAL_RCC_GetPCLK2Freq
 .text.HAL_RCC_GetClockConfig
                0x0000000008001ba8       0x3c CMakeFiles/FREERTOS_MX.elf.dir/Drivers/STM32F1xx_HAL_Driver/Src/stm32f1xx_hal_rcc.c.obj
                0x0000000008001ba8                HAL_RCC_GetClockConfig
 .text.HAL_TIM_Base_MspInit
                0x0000000008001be4        0x2 CMakeFiles/FREERTOS_MX.elf.dir/Drivers/STM32F1xx_HAL_Driver/Src/stm32f1xx_hal_tim.c.obj
                0x0000000008001be4                HAL_TIM_Base_MspInit
 *fill*         0x0000000008001be6        0x2 
 .text.HAL_TIM_Base_Start_IT
                0x0000000008001be8       0x68 CMakeFiles/FREERTOS_MX.elf.dir/Drivers/STM32F1xx_HAL_Driver/Src/stm32f1xx_hal_tim.c.obj
                0x0000000008001be8                HAL_TIM_Base_Start_IT
 .text.HAL_TIM_OC_DelayElapsedCallback
                0x0000000008001c50        0x2 CMakeFiles/FREERTOS_MX.elf.dir/Drivers/STM32F1xx_HAL_Driver/Src/stm32f1xx_hal_tim.c.obj
                0x0000000008001c50                HAL_TIM_OC_DelayElapsedCallback
 .text.HAL_TIM_IC_CaptureCallback
                0x0000000008001c52        0x2 CMakeFiles/FREERTOS_MX.elf.dir/Drivers/STM32F1xx_HAL_Driver/Src/stm32f1xx_hal_tim.c.obj
                0x0000000008001c52                HAL_TIM_IC_CaptureCallback
 .text.HAL_TIM_PWM_PulseFinishedCallback
                0x0000000008001c54        0x2 CMakeFiles/FREERTOS_MX.elf.dir/Drivers/STM32F1xx_HAL_Driver/Src/stm32f1xx_hal_tim.c.obj
                0x0000000008001c54                HAL_TIM_PWM_PulseFinishedCallback
 .text.HAL_TIM_TriggerCallback
                0x0000000008001c56        0x2 CMakeFiles/FREERTOS_MX.elf.dir/Drivers/STM32F1xx_HAL_Driver/Src/stm32f1xx_hal_tim.c.obj
                0x0000000008001c56                HAL_TIM_TriggerCallback
 .text.HAL_TIM_IRQHandler
                0x0000000008001c58      0x17a CMakeFiles/FREERTOS_MX.elf.dir/Drivers/STM32F1xx_HAL_Driver/Src/stm32f1xx_hal_tim.c.obj
                0x0000000008001c58                HAL_TIM_IRQHandler
 *fill*         0x0000000008001dd2        0x2 
 .text.TIM_Base_SetConfig
                0x0000000008001dd4       0x74 CMakeFiles/FREERTOS_MX.elf.dir/Drivers/STM32F1xx_HAL_Driver/Src/stm32f1xx_hal_tim.c.obj
                0x0000000008001dd4                TIM_Base_SetConfig
 .text.HAL_TIM_Base_Init
                0x0000000008001e48       0x58 CMakeFiles/FREERTOS_MX.elf.dir/Drivers/STM32F1xx_HAL_Driver/Src/stm32f1xx_hal_tim.c.obj
                0x0000000008001e48                HAL_TIM_Base_Init
 .text.HAL_TIMEx_CommutCallback
                0x0000000008001ea0        0x2 CMakeFiles/FREERTOS_MX.elf.dir/Drivers/STM32F1xx_HAL_Driver/Src/stm32f1xx_hal_tim_ex.c.obj
                0x0000000008001ea0                HAL_TIMEx_CommutCallback
 .text.HAL_TIMEx_BreakCallback
                0x0000000008001ea2        0x2 CMakeFiles/FREERTOS_MX.elf.dir/Drivers/STM32F1xx_HAL_Driver/Src/stm32f1xx_hal_tim_ex.c.obj
                0x0000000008001ea2                HAL_TIMEx_BreakCallback
 .text.UART_SetConfig
                0x0000000008001ea4       0x94 CMakeFiles/FREERTOS_MX.elf.dir/Drivers/STM32F1xx_HAL_Driver/Src/stm32f1xx_hal_uart.c.obj
 .text.UART_WaitOnFlagUntilTimeout
                0x0000000008001f38       0x84 CMakeFiles/FREERTOS_MX.elf.dir/Drivers/STM32F1xx_HAL_Driver/Src/stm32f1xx_hal_uart.c.obj
 .text.HAL_UART_Init
                0x0000000008001fbc       0x60 CMakeFiles/FREERTOS_MX.elf.dir/Drivers/STM32F1xx_HAL_Driver/Src/stm32f1xx_hal_uart.c.obj
                0x0000000008001fbc                HAL_UART_Init
 .text.HAL_UART_Transmit
                0x000000000800201c       0xbe CMakeFiles/FREERTOS_MX.elf.dir/Drivers/STM32F1xx_HAL_Driver/Src/stm32f1xx_hal_uart.c.obj
                0x000000000800201c                HAL_UART_Transmit
 .text.makeFreeRtosPriority
                0x00000000080020da        0xc CMakeFiles/FREERTOS_MX.elf.dir/Middlewares/Third_Party/FreeRTOS/Source/CMSIS_RTOS/cmsis_os.c.obj
 .text.osKernelStart
                0x00000000080020e6        0xa CMakeFiles/FREERTOS_MX.elf.dir/Middlewares/Third_Party/FreeRTOS/Source/CMSIS_RTOS/cmsis_os.c.obj
                0x00000000080020e6                osKernelStart
 .text.osThreadCreate
                0x00000000080020f0       0x66 CMakeFiles/FREERTOS_MX.elf.dir/Middlewares/Third_Party/FreeRTOS/Source/CMSIS_RTOS/cmsis_os.c.obj
                0x00000000080020f0                osThreadCreate
 .text.osDelay  0x0000000008002156        0xe CMakeFiles/FREERTOS_MX.elf.dir/Middlewares/Third_Party/FreeRTOS/Source/CMSIS_RTOS/cmsis_os.c.obj
                0x0000000008002156                osDelay
 .text.vListInitialise
                0x0000000008002164       0x16 CMakeFiles/FREERTOS_MX.elf.dir/Middlewares/Third_Party/FreeRTOS/Source/list.c.obj
                0x0000000008002164                vListInitialise
 .text.vListInitialiseItem
                0x000000000800217a        0x6 CMakeFiles/FREERTOS_MX.elf.dir/Middlewares/Third_Party/FreeRTOS/Source/list.c.obj
                0x000000000800217a                vListInitialiseItem
 .text.vListInsertEnd
                0x0000000008002180       0x16 CMakeFiles/FREERTOS_MX.elf.dir/Middlewares/Third_Party/FreeRTOS/Source/list.c.obj
                0x0000000008002180                vListInsertEnd
 .text.vListInsert
                0x0000000008002196       0x32 CMakeFiles/FREERTOS_MX.elf.dir/Middlewares/Third_Party/FreeRTOS/Source/list.c.obj
                0x0000000008002196                vListInsert
 .text.uxListRemove
                0x00000000080021c8       0x26 CMakeFiles/FREERTOS_MX.elf.dir/Middlewares/Third_Party/FreeRTOS/Source/list.c.obj
                0x00000000080021c8                uxListRemove
 *fill*         0x00000000080021ee        0x2 
 .text.prvTaskExitError
                0x00000000080021f0       0x40 CMakeFiles/FREERTOS_MX.elf.dir/Middlewares/Third_Party/FreeRTOS/Source/portable/GCC/ARM_CM3/port.c.obj
 .text.prvPortStartFirstTask
                0x0000000008002230       0x20 CMakeFiles/FREERTOS_MX.elf.dir/Middlewares/Third_Party/FreeRTOS/Source/portable/GCC/ARM_CM3/port.c.obj
 .text.pxPortInitialiseStack
                0x0000000008002250       0x24 CMakeFiles/FREERTOS_MX.elf.dir/Middlewares/Third_Party/FreeRTOS/Source/portable/GCC/ARM_CM3/port.c.obj
                0x0000000008002250                pxPortInitialiseStack
 *fill*         0x0000000008002274        0xc 
 .text.SVC_Handler
                0x0000000008002280       0x24 CMakeFiles/FREERTOS_MX.elf.dir/Middlewares/Third_Party/FreeRTOS/Source/portable/GCC/ARM_CM3/port.c.obj
                0x0000000008002280                SVC_Handler
 .text.vPortEnterCritical
                0x00000000080022a4       0x44 CMakeFiles/FREERTOS_MX.elf.dir/Middlewares/Third_Party/FreeRTOS/Source/portable/GCC/ARM_CM3/port.c.obj
                0x00000000080022a4                vPortEnterCritical
 .text.vPortExitCritical
                0x00000000080022e8       0x2c CMakeFiles/FREERTOS_MX.elf.dir/Middlewares/Third_Party/FreeRTOS/Source/portable/GCC/ARM_CM3/port.c.obj
                0x00000000080022e8                vPortExitCritical
 *fill*         0x0000000008002314        0xc 
 .text.PendSV_Handler
                0x0000000008002320       0x44 CMakeFiles/FREERTOS_MX.elf.dir/Middlewares/Third_Party/FreeRTOS/Source/portable/GCC/ARM_CM3/port.c.obj
                0x0000000008002320                PendSV_Handler
 .text.SysTick_Handler
                0x0000000008002364       0x2c CMakeFiles/FREERTOS_MX.elf.dir/Middlewares/Third_Party/FreeRTOS/Source/portable/GCC/ARM_CM3/port.c.obj
                0x0000000008002364                SysTick_Handler
 .text.vPortSetupTimerInterrupt
                0x0000000008002390       0x28 CMakeFiles/FREERTOS_MX.elf.dir/Middlewares/Third_Party/FreeRTOS/Source/portable/GCC/ARM_CM3/port.c.obj
                0x0000000008002390                vPortSetupTimerInterrupt
 .text.xPortStartScheduler
                0x00000000080023b8       0xc0 CMakeFiles/FREERTOS_MX.elf.dir/Middlewares/Third_Party/FreeRTOS/Source/portable/GCC/ARM_CM3/port.c.obj
                0x00000000080023b8                xPortStartScheduler
 .text.prvHeapInit
                0x0000000008002478       0x64 CMakeFiles/FREERTOS_MX.elf.dir/Middlewares/Third_Party/FreeRTOS/Source/portable/MemMang/heap_4.c.obj
 .text.prvInsertBlockIntoFreeList
                0x00000000080024dc       0x60 CMakeFiles/FREERTOS_MX.elf.dir/Middlewares/Third_Party/FreeRTOS/Source/portable/MemMang/heap_4.c.obj
 .text.pvPortMalloc
                0x000000000800253c       0xf0 CMakeFiles/FREERTOS_MX.elf.dir/Middlewares/Third_Party/FreeRTOS/Source/portable/MemMang/heap_4.c.obj
                0x000000000800253c                pvPortMalloc
 .text.vPortFree
                0x000000000800262c       0x70 CMakeFiles/FREERTOS_MX.elf.dir/Middlewares/Third_Party/FreeRTOS/Source/portable/MemMang/heap_4.c.obj
                0x000000000800262c                vPortFree
 .text.prvResetNextTaskUnblockTime
                0x000000000800269c       0x2c CMakeFiles/FREERTOS_MX.elf.dir/Middlewares/Third_Party/FreeRTOS/Source/tasks.c.obj
 .text.prvInitialiseNewTask
                0x00000000080026c8       0x90 CMakeFiles/FREERTOS_MX.elf.dir/Middlewares/Third_Party/FreeRTOS/Source/tasks.c.obj
 .text.prvInitialiseTaskLists
                0x0000000008002758       0x68 CMakeFiles/FREERTOS_MX.elf.dir/Middlewares/Third_Party/FreeRTOS/Source/tasks.c.obj
 .text.prvAddNewTaskToReadyList
                0x00000000080027c0       0xa8 CMakeFiles/FREERTOS_MX.elf.dir/Middlewares/Third_Party/FreeRTOS/Source/tasks.c.obj
 .text.prvDeleteTCB
                0x0000000008002868       0x38 CMakeFiles/FREERTOS_MX.elf.dir/Middlewares/Third_Party/FreeRTOS/Source/tasks.c.obj
 .text.prvCheckTasksWaitingTermination
                0x00000000080028a0       0x4c CMakeFiles/FREERTOS_MX.elf.dir/Middlewares/Third_Party/FreeRTOS/Source/tasks.c.obj
 .text.prvIdleTask
                0x00000000080028ec       0x28 CMakeFiles/FREERTOS_MX.elf.dir/Middlewares/Third_Party/FreeRTOS/Source/tasks.c.obj
 .text.prvAddCurrentTaskToDelayedList
                0x0000000008002914       0x98 CMakeFiles/FREERTOS_MX.elf.dir/Middlewares/Third_Party/FreeRTOS/Source/tasks.c.obj
 .text.xTaskCreateStatic
                0x00000000080029ac       0x74 CMakeFiles/FREERTOS_MX.elf.dir/Middlewares/Third_Party/FreeRTOS/Source/tasks.c.obj
                0x00000000080029ac                xTaskCreateStatic
 .text.xTaskCreate
                0x0000000008002a20       0x68 CMakeFiles/FREERTOS_MX.elf.dir/Middlewares/Third_Party/FreeRTOS/Source/tasks.c.obj
                0x0000000008002a20                xTaskCreate
 .text.vTaskStartScheduler
                0x0000000008002a88       0x74 CMakeFiles/FREERTOS_MX.elf.dir/Middlewares/Third_Party/FreeRTOS/Source/tasks.c.obj
                0x0000000008002a88                vTaskStartScheduler
 .text.vTaskSuspendAll
                0x0000000008002afc       0x10 CMakeFiles/FREERTOS_MX.elf.dir/Middlewares/Third_Party/FreeRTOS/Source/tasks.c.obj
                0x0000000008002afc                vTaskSuspendAll
 .text.xTaskIncrementTick
                0x0000000008002b0c      0x118 CMakeFiles/FREERTOS_MX.elf.dir/Middlewares/Third_Party/FreeRTOS/Source/tasks.c.obj
                0x0000000008002b0c                xTaskIncrementTick
 .text.xTaskResumeAll
                0x0000000008002c24       0xf8 CMakeFiles/FREERTOS_MX.elf.dir/Middlewares/Third_Party/FreeRTOS/Source/tasks.c.obj
                0x0000000008002c24                xTaskResumeAll
 .text.vTaskDelay
                0x0000000008002d1c       0x4c CMakeFiles/FREERTOS_MX.elf.dir/Middlewares/Third_Party/FreeRTOS/Source/tasks.c.obj
                0x0000000008002d1c                vTaskDelay
 .text.vTaskSwitchContext
                0x0000000008002d68       0x98 CMakeFiles/FREERTOS_MX.elf.dir/Middlewares/Third_Party/FreeRTOS/Source/tasks.c.obj
                0x0000000008002d68                vTaskSwitchContext
 .text.std      0x0000000008002e00       0x6c F:/cubeide/STM32CubeIDE_1.14.1/STM32CubeIDE/plugins/com.st.stm32cube.ide.mcu.externaltools.gnu-tools-for-stm32.11.3.rel1.win32_1.1.100.202309141235/tools/bin/../lib/gcc/arm-none-eabi/11.3.1/../../../../arm-none-eabi/lib/thumb/v7-m/nofp\libg.a(libc_a-findfp.o)
 .text.stdio_exit_handler
                0x0000000008002e6c       0x18 F:/cubeide/STM32CubeIDE_1.14.1/STM32CubeIDE/plugins/com.st.stm32cube.ide.mcu.externaltools.gnu-tools-for-stm32.11.3.rel1.win32_1.1.100.202309141235/tools/bin/../lib/gcc/arm-none-eabi/11.3.1/../../../../arm-none-eabi/lib/thumb/v7-m/nofp\libg.a(libc_a-findfp.o)
 .text.cleanup_stdio
                0x0000000008002e84       0x40 F:/cubeide/STM32CubeIDE_1.14.1/STM32CubeIDE/plugins/com.st.stm32cube.ide.mcu.externaltools.gnu-tools-for-stm32.11.3.rel1.win32_1.1.100.202309141235/tools/bin/../lib/gcc/arm-none-eabi/11.3.1/../../../../arm-none-eabi/lib/thumb/v7-m/nofp\libg.a(libc_a-findfp.o)
 .text.global_stdio_init.part.0
                0x0000000008002ec4       0x3c F:/cubeide/STM32CubeIDE_1.14.1/STM32CubeIDE/plugins/com.st.stm32cube.ide.mcu.externaltools.gnu-tools-for-stm32.11.3.rel1.win32_1.1.100.202309141235/tools/bin/../lib/gcc/arm-none-eabi/11.3.1/../../../../arm-none-eabi/lib/thumb/v7-m/nofp\libg.a(libc_a-findfp.o)
 .text.__sfp_lock_acquire
                0x0000000008002f00        0xc F:/cubeide/STM32CubeIDE_1.14.1/STM32CubeIDE/plugins/com.st.stm32cube.ide.mcu.externaltools.gnu-tools-for-stm32.11.3.rel1.win32_1.1.100.202309141235/tools/bin/../lib/gcc/arm-none-eabi/11.3.1/../../../../arm-none-eabi/lib/thumb/v7-m/nofp\libg.a(libc_a-findfp.o)
                0x0000000008002f00                __sfp_lock_acquire
 .text.__sfp_lock_release
                0x0000000008002f0c        0xc F:/cubeide/STM32CubeIDE_1.14.1/STM32CubeIDE/plugins/com.st.stm32cube.ide.mcu.externaltools.gnu-tools-for-stm32.11.3.rel1.win32_1.1.100.202309141235/tools/bin/../lib/gcc/arm-none-eabi/11.3.1/../../../../arm-none-eabi/lib/thumb/v7-m/nofp\libg.a(libc_a-findfp.o)
                0x0000000008002f0c                __sfp_lock_release
 .text.__sinit  0x0000000008002f18       0x30 F:/cubeide/STM32CubeIDE_1.14.1/STM32CubeIDE/plugins/com.st.stm32cube.ide.mcu.externaltools.gnu-tools-for-stm32.11.3.rel1.win32_1.1.100.202309141235/tools/bin/../lib/gcc/arm-none-eabi/11.3.1/../../../../arm-none-eabi/lib/thumb/v7-m/nofp\libg.a(libc_a-findfp.o)
                0x0000000008002f18                __sinit
 .text._fwalk_sglue
                0x0000000008002f48       0x3c F:/cubeide/STM32CubeIDE_1.14.1/STM32CubeIDE/plugins/com.st.stm32cube.ide.mcu.externaltools.gnu-tools-for-stm32.11.3.rel1.win32_1.1.100.202309141235/tools/bin/../lib/gcc/arm-none-eabi/11.3.1/../../../../arm-none-eabi/lib/thumb/v7-m/nofp\libg.a(libc_a-fwalk.o)
                0x0000000008002f48                _fwalk_sglue
 .text.printf   0x0000000008002f84       0x24 F:/cubeide/STM32CubeIDE_1.14.1/STM32CubeIDE/plugins/com.st.stm32cube.ide.mcu.externaltools.gnu-tools-for-stm32.11.3.rel1.win32_1.1.100.202309141235/tools/bin/../lib/gcc/arm-none-eabi/11.3.1/../../../../arm-none-eabi/lib/thumb/v7-m/nofp\libg.a(libc_a-printf.o)
                0x0000000008002f84                printf
 .text._puts_r  0x0000000008002fa8       0x8c F:/cubeide/STM32CubeIDE_1.14.1/STM32CubeIDE/plugins/com.st.stm32cube.ide.mcu.externaltools.gnu-tools-for-stm32.11.3.rel1.win32_1.1.100.202309141235/tools/bin/../lib/gcc/arm-none-eabi/11.3.1/../../../../arm-none-eabi/lib/thumb/v7-m/nofp\libg.a(libc_a-puts.o)
                0x0000000008002fa8                _puts_r
 .text.puts     0x0000000008003034       0x10 F:/cubeide/STM32CubeIDE_1.14.1/STM32CubeIDE/plugins/com.st.stm32cube.ide.mcu.externaltools.gnu-tools-for-stm32.11.3.rel1.win32_1.1.100.202309141235/tools/bin/../lib/gcc/arm-none-eabi/11.3.1/../../../../arm-none-eabi/lib/thumb/v7-m/nofp\libg.a(libc_a-puts.o)
                0x0000000008003034                puts
 .text.__sread  0x0000000008003044       0x22 F:/cubeide/STM32CubeIDE_1.14.1/STM32CubeIDE/plugins/com.st.stm32cube.ide.mcu.externaltools.gnu-tools-for-stm32.11.3.rel1.win32_1.1.100.202309141235/tools/bin/../lib/gcc/arm-none-eabi/11.3.1/../../../../arm-none-eabi/lib/thumb/v7-m/nofp\libg.a(libc_a-stdio.o)
                0x0000000008003044                __sread
 .text.__swrite
                0x0000000008003066       0x38 F:/cubeide/STM32CubeIDE_1.14.1/STM32CubeIDE/plugins/com.st.stm32cube.ide.mcu.externaltools.gnu-tools-for-stm32.11.3.rel1.win32_1.1.100.202309141235/tools/bin/../lib/gcc/arm-none-eabi/11.3.1/../../../../arm-none-eabi/lib/thumb/v7-m/nofp\libg.a(libc_a-stdio.o)
                0x0000000008003066                __swrite
 .text.__sseek  0x000000000800309e       0x24 F:/cubeide/STM32CubeIDE_1.14.1/STM32CubeIDE/plugins/com.st.stm32cube.ide.mcu.externaltools.gnu-tools-for-stm32.11.3.rel1.win32_1.1.100.202309141235/tools/bin/../lib/gcc/arm-none-eabi/11.3.1/../../../../arm-none-eabi/lib/thumb/v7-m/nofp\libg.a(libc_a-stdio.o)
                0x000000000800309e                __sseek
 .text.__sclose
                0x00000000080030c2        0x8 F:/cubeide/STM32CubeIDE_1.14.1/STM32CubeIDE/plugins/com.st.stm32cube.ide.mcu.externaltools.gnu-tools-for-stm32.11.3.rel1.win32_1.1.100.202309141235/tools/bin/../lib/gcc/arm-none-eabi/11.3.1/../../../../arm-none-eabi/lib/thumb/v7-m/nofp\libg.a(libc_a-stdio.o)
                0x00000000080030c2                __sclose
 .text.memset   0x00000000080030ca       0x10 F:/cubeide/STM32CubeIDE_1.14.1/STM32CubeIDE/plugins/com.st.stm32cube.ide.mcu.externaltools.gnu-tools-for-stm32.11.3.rel1.win32_1.1.100.202309141235/tools/bin/../lib/gcc/arm-none-eabi/11.3.1/../../../../arm-none-eabi/lib/thumb/v7-m/nofp\libg.a(libc_a-memset.o)
                0x00000000080030ca                memset
 *fill*         0x00000000080030da        0x2 
 .text._close_r
                0x00000000080030dc       0x20 F:/cubeide/STM32CubeIDE_1.14.1/STM32CubeIDE/plugins/com.st.stm32cube.ide.mcu.externaltools.gnu-tools-for-stm32.11.3.rel1.win32_1.1.100.202309141235/tools/bin/../lib/gcc/arm-none-eabi/11.3.1/../../../../arm-none-eabi/lib/thumb/v7-m/nofp\libg.a(libc_a-closer.o)
                0x00000000080030dc                _close_r
 .text._lseek_r
                0x00000000080030fc       0x24 F:/cubeide/STM32CubeIDE_1.14.1/STM32CubeIDE/plugins/com.st.stm32cube.ide.mcu.externaltools.gnu-tools-for-stm32.11.3.rel1.win32_1.1.100.202309141235/tools/bin/../lib/gcc/arm-none-eabi/11.3.1/../../../../arm-none-eabi/lib/thumb/v7-m/nofp\libg.a(libc_a-lseekr.o)
                0x00000000080030fc                _lseek_r
 .text._read_r  0x0000000008003120       0x24 F:/cubeide/STM32CubeIDE_1.14.1/STM32CubeIDE/plugins/com.st.stm32cube.ide.mcu.externaltools.gnu-tools-for-stm32.11.3.rel1.win32_1.1.100.202309141235/tools/bin/../lib/gcc/arm-none-eabi/11.3.1/../../../../arm-none-eabi/lib/thumb/v7-m/nofp\libg.a(libc_a-readr.o)
                0x0000000008003120                _read_r
 .text._write_r
                0x0000000008003144       0x24 F:/cubeide/STM32CubeIDE_1.14.1/STM32CubeIDE/plugins/com.st.stm32cube.ide.mcu.externaltools.gnu-tools-for-stm32.11.3.rel1.win32_1.1.100.202309141235/tools/bin/../lib/gcc/arm-none-eabi/11.3.1/../../../../arm-none-eabi/lib/thumb/v7-m/nofp\libg.a(libc_a-writer.o)
                0x0000000008003144                _write_r
 .text.__errno  0x0000000008003168        0xc F:/cubeide/STM32CubeIDE_1.14.1/STM32CubeIDE/plugins/com.st.stm32cube.ide.mcu.externaltools.gnu-tools-for-stm32.11.3.rel1.win32_1.1.100.202309141235/tools/bin/../lib/gcc/arm-none-eabi/11.3.1/../../../../arm-none-eabi/lib/thumb/v7-m/nofp\libg.a(libc_a-errno.o)
                0x0000000008003168                __errno
 .text.__libc_init_array
                0x0000000008003174       0x48 F:/cubeide/STM32CubeIDE_1.14.1/STM32CubeIDE/plugins/com.st.stm32cube.ide.mcu.externaltools.gnu-tools-for-stm32.11.3.rel1.win32_1.1.100.202309141235/tools/bin/../lib/gcc/arm-none-eabi/11.3.1/../../../../arm-none-eabi/lib/thumb/v7-m/nofp\libg.a(libc_a-init.o)
                0x0000000008003174                __libc_init_array
 .text.__retarget_lock_init_recursive
                0x00000000080031bc        0x2 F:/cubeide/STM32CubeIDE_1.14.1/STM32CubeIDE/plugins/com.st.stm32cube.ide.mcu.externaltools.gnu-tools-for-stm32.11.3.rel1.win32_1.1.100.202309141235/tools/bin/../lib/gcc/arm-none-eabi/11.3.1/../../../../arm-none-eabi/lib/thumb/v7-m/nofp\libg.a(libc_a-lock.o)
                0x00000000080031bc                __retarget_lock_init_recursive
 .text.__retarget_lock_close_recursive
                0x00000000080031be        0x2 F:/cubeide/STM32CubeIDE_1.14.1/STM32CubeIDE/plugins/com.st.stm32cube.ide.mcu.externaltools.gnu-tools-for-stm32.11.3.rel1.win32_1.1.100.202309141235/tools/bin/../lib/gcc/arm-none-eabi/11.3.1/../../../../arm-none-eabi/lib/thumb/v7-m/nofp\libg.a(libc_a-lock.o)
                0x00000000080031be                __retarget_lock_close_recursive
 .text.__retarget_lock_acquire_recursive
                0x00000000080031c0        0x2 F:/cubeide/STM32CubeIDE_1.14.1/STM32CubeIDE/plugins/com.st.stm32cube.ide.mcu.externaltools.gnu-tools-for-stm32.11.3.rel1.win32_1.1.100.202309141235/tools/bin/../lib/gcc/arm-none-eabi/11.3.1/../../../../arm-none-eabi/lib/thumb/v7-m/nofp\libg.a(libc_a-lock.o)
                0x00000000080031c0                __retarget_lock_acquire_recursive
 .text.__retarget_lock_release_recursive
                0x00000000080031c2        0x2 F:/cubeide/STM32CubeIDE_1.14.1/STM32CubeIDE/plugins/com.st.stm32cube.ide.mcu.externaltools.gnu-tools-for-stm32.11.3.rel1.win32_1.1.100.202309141235/tools/bin/../lib/gcc/arm-none-eabi/11.3.1/../../../../arm-none-eabi/lib/thumb/v7-m/nofp\libg.a(libc_a-lock.o)
                0x00000000080031c2                __retarget_lock_release_recursive
 .text.memcpy   0x00000000080031c4       0x1c F:/cubeide/STM32CubeIDE_1.14.1/STM32CubeIDE/plugins/com.st.stm32cube.ide.mcu.externaltools.gnu-tools-for-stm32.11.3.rel1.win32_1.1.100.202309141235/tools/bin/../lib/gcc/arm-none-eabi/11.3.1/../../../../arm-none-eabi/lib/thumb/v7-m/nofp\libg.a(libc_a-memcpy-stub.o)
                0x00000000080031c4                memcpy
 .text.startup.register_fini
                0x00000000080031e0       0x14 F:/cubeide/STM32CubeIDE_1.14.1/STM32CubeIDE/plugins/com.st.stm32cube.ide.mcu.externaltools.gnu-tools-for-stm32.11.3.rel1.win32_1.1.100.202309141235/tools/bin/../lib/gcc/arm-none-eabi/11.3.1/../../../../arm-none-eabi/lib/thumb/v7-m/nofp\libg.a(libc_a-__call_atexit.o)
 .text.atexit   0x00000000080031f4        0xc F:/cubeide/STM32CubeIDE_1.14.1/STM32CubeIDE/plugins/com.st.stm32cube.ide.mcu.externaltools.gnu-tools-for-stm32.11.3.rel1.win32_1.1.100.202309141235/tools/bin/../lib/gcc/arm-none-eabi/11.3.1/../../../../arm-none-eabi/lib/thumb/v7-m/nofp\libg.a(libc_a-atexit.o)
                0x00000000080031f4                atexit
 .text._malloc_trim_r
                0x0000000008003200       0xa8 F:/cubeide/STM32CubeIDE_1.14.1/STM32CubeIDE/plugins/com.st.stm32cube.ide.mcu.externaltools.gnu-tools-for-stm32.11.3.rel1.win32_1.1.100.202309141235/tools/bin/../lib/gcc/arm-none-eabi/11.3.1/../../../../arm-none-eabi/lib/thumb/v7-m/nofp\libg.a(libc_a-freer.o)
                0x0000000008003200                _malloc_trim_r
 .text._free_r  0x00000000080032a8      0x180 F:/cubeide/STM32CubeIDE_1.14.1/STM32CubeIDE/plugins/com.st.stm32cube.ide.mcu.externaltools.gnu-tools-for-stm32.11.3.rel1.win32_1.1.100.202309141235/tools/bin/../lib/gcc/arm-none-eabi/11.3.1/../../../../arm-none-eabi/lib/thumb/v7-m/nofp\libg.a(libc_a-freer.o)
                0x00000000080032a8                _free_r
 .text._malloc_r
                0x0000000008003428      0x474 F:/cubeide/STM32CubeIDE_1.14.1/STM32CubeIDE/plugins/com.st.stm32cube.ide.mcu.externaltools.gnu-tools-for-stm32.11.3.rel1.win32_1.1.100.202309141235/tools/bin/../lib/gcc/arm-none-eabi/11.3.1/../../../../arm-none-eabi/lib/thumb/v7-m/nofp\libg.a(libc_a-mallocr.o)
                0x0000000008003428                _malloc_r
 .text.__malloc_lock
                0x000000000800389c        0xc F:/cubeide/STM32CubeIDE_1.14.1/STM32CubeIDE/plugins/com.st.stm32cube.ide.mcu.externaltools.gnu-tools-for-stm32.11.3.rel1.win32_1.1.100.202309141235/tools/bin/../lib/gcc/arm-none-eabi/11.3.1/../../../../arm-none-eabi/lib/thumb/v7-m/nofp\libg.a(libc_a-mlock.o)
                0x000000000800389c                __malloc_lock
 .text.__malloc_unlock
                0x00000000080038a8        0xc F:/cubeide/STM32CubeIDE_1.14.1/STM32CubeIDE/plugins/com.st.stm32cube.ide.mcu.externaltools.gnu-tools-for-stm32.11.3.rel1.win32_1.1.100.202309141235/tools/bin/../lib/gcc/arm-none-eabi/11.3.1/../../../../arm-none-eabi/lib/thumb/v7-m/nofp\libg.a(libc_a-mlock.o)
                0x00000000080038a8                __malloc_unlock
 .text._vfprintf_r
                0x00000000080038b4     0x1438 F:/cubeide/STM32CubeIDE_1.14.1/STM32CubeIDE/plugins/com.st.stm32cube.ide.mcu.externaltools.gnu-tools-for-stm32.11.3.rel1.win32_1.1.100.202309141235/tools/bin/../lib/gcc/arm-none-eabi/11.3.1/../../../../arm-none-eabi/lib/thumb/v7-m/nofp\libg.a(libc_a-vfprintf.o)
                0x00000000080038b4                _vfprintf_r
 .text.__sbprintf
                0x0000000008004cec       0x80 F:/cubeide/STM32CubeIDE_1.14.1/STM32CubeIDE/plugins/com.st.stm32cube.ide.mcu.externaltools.gnu-tools-for-stm32.11.3.rel1.win32_1.1.100.202309141235/tools/bin/../lib/gcc/arm-none-eabi/11.3.1/../../../../arm-none-eabi/lib/thumb/v7-m/nofp\libg.a(libc_a-vfprintf.o)
 .text.__sprint_r
                0x0000000008004d6c       0x64 F:/cubeide/STM32CubeIDE_1.14.1/STM32CubeIDE/plugins/com.st.stm32cube.ide.mcu.externaltools.gnu-tools-for-stm32.11.3.rel1.win32_1.1.100.202309141235/tools/bin/../lib/gcc/arm-none-eabi/11.3.1/../../../../arm-none-eabi/lib/thumb/v7-m/nofp\libg.a(libc_a-vfiprintf.o)
                0x0000000008004d6c                __sprint_r
 .text._vfiprintf_r
                0x0000000008004dd0      0x91c F:/cubeide/STM32CubeIDE_1.14.1/STM32CubeIDE/plugins/com.st.stm32cube.ide.mcu.externaltools.gnu-tools-for-stm32.11.3.rel1.win32_1.1.100.202309141235/tools/bin/../lib/gcc/arm-none-eabi/11.3.1/../../../../arm-none-eabi/lib/thumb/v7-m/nofp\libg.a(libc_a-vfiprintf.o)
                0x0000000008004dd0                _vfiprintf_r
 .text.__sbprintf
                0x00000000080056ec       0x80 F:/cubeide/STM32CubeIDE_1.14.1/STM32CubeIDE/plugins/com.st.stm32cube.ide.mcu.externaltools.gnu-tools-for-stm32.11.3.rel1.win32_1.1.100.202309141235/tools/bin/../lib/gcc/arm-none-eabi/11.3.1/../../../../arm-none-eabi/lib/thumb/v7-m/nofp\libg.a(libc_a-vfiprintf.o)
 .text._fclose_r
                0x000000000800576c       0xae F:/cubeide/STM32CubeIDE_1.14.1/STM32CubeIDE/plugins/com.st.stm32cube.ide.mcu.externaltools.gnu-tools-for-stm32.11.3.rel1.win32_1.1.100.202309141235/tools/bin/../lib/gcc/arm-none-eabi/11.3.1/../../../../arm-none-eabi/lib/thumb/v7-m/nofp\libg.a(libc_a-fclose.o)
                0x000000000800576c                _fclose_r
 *fill*         0x000000000800581a        0x2 
 .text.__sflush_r
                0x000000000800581c      0x114 F:/cubeide/STM32CubeIDE_1.14.1/STM32CubeIDE/plugins/com.st.stm32cube.ide.mcu.externaltools.gnu-tools-for-stm32.11.3.rel1.win32_1.1.100.202309141235/tools/bin/../lib/gcc/arm-none-eabi/11.3.1/../../../../arm-none-eabi/lib/thumb/v7-m/nofp\libg.a(libc_a-fflush.o)
                0x000000000800581c                __sflush_r
 .text._fflush_r
                0x0000000008005930       0x4a F:/cubeide/STM32CubeIDE_1.14.1/STM32CubeIDE/plugins/com.st.stm32cube.ide.mcu.externaltools.gnu-tools-for-stm32.11.3.rel1.win32_1.1.100.202309141235/tools/bin/../lib/gcc/arm-none-eabi/11.3.1/../../../../arm-none-eabi/lib/thumb/v7-m/nofp\libg.a(libc_a-fflush.o)
                0x0000000008005930                _fflush_r
 *fill*         0x000000000800597a        0x2 
 .text.__sfvwrite_r
                0x000000000800597c      0x294 F:/cubeide/STM32CubeIDE_1.14.1/STM32CubeIDE/plugins/com.st.stm32cube.ide.mcu.externaltools.gnu-tools-for-stm32.11.3.rel1.win32_1.1.100.202309141235/tools/bin/../lib/gcc/arm-none-eabi/11.3.1/../../../../arm-none-eabi/lib/thumb/v7-m/nofp\libg.a(libc_a-fvwrite.o)
                0x000000000800597c                __sfvwrite_r
 .text.__swsetup_r
                0x0000000008005c10       0xb0 F:/cubeide/STM32CubeIDE_1.14.1/STM32CubeIDE/plugins/com.st.stm32cube.ide.mcu.externaltools.gnu-tools-for-stm32.11.3.rel1.win32_1.1.100.202309141235/tools/bin/../lib/gcc/arm-none-eabi/11.3.1/../../../../arm-none-eabi/lib/thumb/v7-m/nofp\libg.a(libc_a-wsetup.o)
                0x0000000008005c10                __swsetup_r
 .text.__fputwc
                0x0000000008005cc0       0x82 F:/cubeide/STM32CubeIDE_1.14.1/STM32CubeIDE/plugins/com.st.stm32cube.ide.mcu.externaltools.gnu-tools-for-stm32.11.3.rel1.win32_1.1.100.202309141235/tools/bin/../lib/gcc/arm-none-eabi/11.3.1/../../../../arm-none-eabi/lib/thumb/v7-m/nofp\libg.a(libc_a-fputwc.o)
                0x0000000008005cc0                __fputwc
 .text._fputwc_r
                0x0000000008005d42       0x52 F:/cubeide/STM32CubeIDE_1.14.1/STM32CubeIDE/plugins/com.st.stm32cube.ide.mcu.externaltools.gnu-tools-for-stm32.11.3.rel1.win32_1.1.100.202309141235/tools/bin/../lib/gcc/arm-none-eabi/11.3.1/../../../../arm-none-eabi/lib/thumb/v7-m/nofp\libg.a(libc_a-fputwc.o)
                0x0000000008005d42                _fputwc_r
 .text.memmove  0x0000000008005d94       0x34 F:/cubeide/STM32CubeIDE_1.14.1/STM32CubeIDE/plugins/com.st.stm32cube.ide.mcu.externaltools.gnu-tools-for-stm32.11.3.rel1.win32_1.1.100.202309141235/tools/bin/../lib/gcc/arm-none-eabi/11.3.1/../../../../arm-none-eabi/lib/thumb/v7-m/nofp\libg.a(libc_a-memmove.o)
                0x0000000008005d94                memmove
 .text.strncpy  0x0000000008005dc8       0x26 F:/cubeide/STM32CubeIDE_1.14.1/STM32CubeIDE/plugins/com.st.stm32cube.ide.mcu.externaltools.gnu-tools-for-stm32.11.3.rel1.win32_1.1.100.202309141235/tools/bin/../lib/gcc/arm-none-eabi/11.3.1/../../../../arm-none-eabi/lib/thumb/v7-m/nofp\libg.a(libc_a-strncpy.o)
                0x0000000008005dc8                strncpy
 *fill*         0x0000000008005dee        0x2 
 .text.__locale_mb_cur_max
                0x0000000008005df0        0xc F:/cubeide/STM32CubeIDE_1.14.1/STM32CubeIDE/plugins/com.st.stm32cube.ide.mcu.externaltools.gnu-tools-for-stm32.11.3.rel1.win32_1.1.100.202309141235/tools/bin/../lib/gcc/arm-none-eabi/11.3.1/../../../../arm-none-eabi/lib/thumb/v7-m/nofp\libg.a(libc_a-locale.o)
                0x0000000008005df0                __locale_mb_cur_max
 .text._localeconv_r
                0x0000000008005dfc        0x8 F:/cubeide/STM32CubeIDE_1.14.1/STM32CubeIDE/plugins/com.st.stm32cube.ide.mcu.externaltools.gnu-tools-for-stm32.11.3.rel1.win32_1.1.100.202309141235/tools/bin/../lib/gcc/arm-none-eabi/11.3.1/../../../../arm-none-eabi/lib/thumb/v7-m/nofp\libg.a(libc_a-localeconv.o)
                0x0000000008005dfc                _localeconv_r
 .text._sbrk_r  0x0000000008005e04       0x20 F:/cubeide/STM32CubeIDE_1.14.1/STM32CubeIDE/plugins/com.st.stm32cube.ide.mcu.externaltools.gnu-tools-for-stm32.11.3.rel1.win32_1.1.100.202309141235/tools/bin/../lib/gcc/arm-none-eabi/11.3.1/../../../../arm-none-eabi/lib/thumb/v7-m/nofp\libg.a(libc_a-sbrkr.o)
                0x0000000008005e04                _sbrk_r
 .text.__libc_fini_array
                0x0000000008005e24       0x28 F:/cubeide/STM32CubeIDE_1.14.1/STM32CubeIDE/plugins/com.st.stm32cube.ide.mcu.externaltools.gnu-tools-for-stm32.11.3.rel1.win32_1.1.100.202309141235/tools/bin/../lib/gcc/arm-none-eabi/11.3.1/../../../../arm-none-eabi/lib/thumb/v7-m/nofp\libg.a(libc_a-fini.o)
                0x0000000008005e24                __libc_fini_array
 .text.sysconf  0x0000000008005e4c       0x18 F:/cubeide/STM32CubeIDE_1.14.1/STM32CubeIDE/plugins/com.st.stm32cube.ide.mcu.externaltools.gnu-tools-for-stm32.11.3.rel1.win32_1.1.100.202309141235/tools/bin/../lib/gcc/arm-none-eabi/11.3.1/../../../../arm-none-eabi/lib/thumb/v7-m/nofp\libg.a(libc_a-sysconf.o)
                0x0000000008005e4c                sysconf
 .text.memchr   0x0000000008005e64       0x1c F:/cubeide/STM32CubeIDE_1.14.1/STM32CubeIDE/plugins/com.st.stm32cube.ide.mcu.externaltools.gnu-tools-for-stm32.11.3.rel1.win32_1.1.100.202309141235/tools/bin/../lib/gcc/arm-none-eabi/11.3.1/../../../../arm-none-eabi/lib/thumb/v7-m/nofp\libg.a(libc_a-memchr-stub.o)
                0x0000000008005e64                memchr
 .text.frexp    0x0000000008005e80       0x68 F:/cubeide/STM32CubeIDE_1.14.1/STM32CubeIDE/plugins/com.st.stm32cube.ide.mcu.externaltools.gnu-tools-for-stm32.11.3.rel1.win32_1.1.100.202309141235/tools/bin/../lib/gcc/arm-none-eabi/11.3.1/../../../../arm-none-eabi/lib/thumb/v7-m/nofp\libg.a(libm_a-s_frexp.o)
                0x0000000008005e80                frexp
 .text.__register_exitproc
                0x0000000008005ee8       0x80 F:/cubeide/STM32CubeIDE_1.14.1/STM32CubeIDE/plugins/com.st.stm32cube.ide.mcu.externaltools.gnu-tools-for-stm32.11.3.rel1.win32_1.1.100.202309141235/tools/bin/../lib/gcc/arm-none-eabi/11.3.1/../../../../arm-none-eabi/lib/thumb/v7-m/nofp\libg.a(libc_a-__atexit.o)
                0x0000000008005ee8                __register_exitproc
 .text.quorem   0x0000000008005f68      0x112 F:/cubeide/STM32CubeIDE_1.14.1/STM32CubeIDE/plugins/com.st.stm32cube.ide.mcu.externaltools.gnu-tools-for-stm32.11.3.rel1.win32_1.1.100.202309141235/tools/bin/../lib/gcc/arm-none-eabi/11.3.1/../../../../arm-none-eabi/lib/thumb/v7-m/nofp\libg.a(libc_a-dtoa.o)
 *fill*         0x000000000800607a        0x6 
 .text._dtoa_r  0x0000000008006080      0xb90 F:/cubeide/STM32CubeIDE_1.14.1/STM32CubeIDE/plugins/com.st.stm32cube.ide.mcu.externaltools.gnu-tools-for-stm32.11.3.rel1.win32_1.1.100.202309141235/tools/bin/../lib/gcc/arm-none-eabi/11.3.1/../../../../arm-none-eabi/lib/thumb/v7-m/nofp\libg.a(libc_a-dtoa.o)
                0x0000000008006080                _dtoa_r
 .text.__ascii_mbtowc
                0x0000000008006c10       0x24 F:/cubeide/STM32CubeIDE_1.14.1/STM32CubeIDE/plugins/com.st.stm32cube.ide.mcu.externaltools.gnu-tools-for-stm32.11.3.rel1.win32_1.1.100.202309141235/tools/bin/../lib/gcc/arm-none-eabi/11.3.1/../../../../arm-none-eabi/lib/thumb/v7-m/nofp\libg.a(libc_a-mbtowc_r.o)
                0x0000000008006c10                __ascii_mbtowc
 .text._Balloc  0x0000000008006c34       0x4a F:/cubeide/STM32CubeIDE_1.14.1/STM32CubeIDE/plugins/com.st.stm32cube.ide.mcu.externaltools.gnu-tools-for-stm32.11.3.rel1.win32_1.1.100.202309141235/tools/bin/../lib/gcc/arm-none-eabi/11.3.1/../../../../arm-none-eabi/lib/thumb/v7-m/nofp\libg.a(libc_a-mprec.o)
                0x0000000008006c34                _Balloc
 .text._Bfree   0x0000000008006c7e       0x12 F:/cubeide/STM32CubeIDE_1.14.1/STM32CubeIDE/plugins/com.st.stm32cube.ide.mcu.externaltools.gnu-tools-for-stm32.11.3.rel1.win32_1.1.100.202309141235/tools/bin/../lib/gcc/arm-none-eabi/11.3.1/../../../../arm-none-eabi/lib/thumb/v7-m/nofp\libg.a(libc_a-mprec.o)
                0x0000000008006c7e                _Bfree
 .text.__multadd
                0x0000000008006c90       0x8c F:/cubeide/STM32CubeIDE_1.14.1/STM32CubeIDE/plugins/com.st.stm32cube.ide.mcu.externaltools.gnu-tools-for-stm32.11.3.rel1.win32_1.1.100.202309141235/tools/bin/../lib/gcc/arm-none-eabi/11.3.1/../../../../arm-none-eabi/lib/thumb/v7-m/nofp\libg.a(libc_a-mprec.o)
                0x0000000008006c90                __multadd
 .text.__hi0bits
                0x0000000008006d1c       0x40 F:/cubeide/STM32CubeIDE_1.14.1/STM32CubeIDE/plugins/com.st.stm32cube.ide.mcu.externaltools.gnu-tools-for-stm32.11.3.rel1.win32_1.1.100.202309141235/tools/bin/../lib/gcc/arm-none-eabi/11.3.1/../../../../arm-none-eabi/lib/thumb/v7-m/nofp\libg.a(libc_a-mprec.o)
                0x0000000008006d1c                __hi0bits
 .text.__lo0bits
                0x0000000008006d5c       0x5a F:/cubeide/STM32CubeIDE_1.14.1/STM32CubeIDE/plugins/com.st.stm32cube.ide.mcu.externaltools.gnu-tools-for-stm32.11.3.rel1.win32_1.1.100.202309141235/tools/bin/../lib/gcc/arm-none-eabi/11.3.1/../../../../arm-none-eabi/lib/thumb/v7-m/nofp\libg.a(libc_a-mprec.o)
                0x0000000008006d5c                __lo0bits
 *fill*         0x0000000008006db6        0x2 
 .text.__i2b    0x0000000008006db8       0x2c F:/cubeide/STM32CubeIDE_1.14.1/STM32CubeIDE/plugins/com.st.stm32cube.ide.mcu.externaltools.gnu-tools-for-stm32.11.3.rel1.win32_1.1.100.202309141235/tools/bin/../lib/gcc/arm-none-eabi/11.3.1/../../../../arm-none-eabi/lib/thumb/v7-m/nofp\libg.a(libc_a-mprec.o)
                0x0000000008006db8                __i2b
 .text.__multiply
                0x0000000008006de4      0x150 F:/cubeide/STM32CubeIDE_1.14.1/STM32CubeIDE/plugins/com.st.stm32cube.ide.mcu.externaltools.gnu-tools-for-stm32.11.3.rel1.win32_1.1.100.202309141235/tools/bin/../lib/gcc/arm-none-eabi/11.3.1/../../../../arm-none-eabi/lib/thumb/v7-m/nofp\libg.a(libc_a-mprec.o)
                0x0000000008006de4                __multiply
 .text.__pow5mult
                0x0000000008006f34       0x80 F:/cubeide/STM32CubeIDE_1.14.1/STM32CubeIDE/plugins/com.st.stm32cube.ide.mcu.externaltools.gnu-tools-for-stm32.11.3.rel1.win32_1.1.100.202309141235/tools/bin/../lib/gcc/arm-none-eabi/11.3.1/../../../../arm-none-eabi/lib/thumb/v7-m/nofp\libg.a(libc_a-mprec.o)
                0x0000000008006f34                __pow5mult
 .text.__lshift
                0x0000000008006fb4       0xd8 F:/cubeide/STM32CubeIDE_1.14.1/STM32CubeIDE/plugins/com.st.stm32cube.ide.mcu.externaltools.gnu-tools-for-stm32.11.3.rel1.win32_1.1.100.202309141235/tools/bin/../lib/gcc/arm-none-eabi/11.3.1/../../../../arm-none-eabi/lib/thumb/v7-m/nofp\libg.a(libc_a-mprec.o)
                0x0000000008006fb4                __lshift
 .text.__mcmp   0x000000000800708c       0x36 F:/cubeide/STM32CubeIDE_1.14.1/STM32CubeIDE/plugins/com.st.stm32cube.ide.mcu.externaltools.gnu-tools-for-stm32.11.3.rel1.win32_1.1.100.202309141235/tools/bin/../lib/gcc/arm-none-eabi/11.3.1/../../../../arm-none-eabi/lib/thumb/v7-m/nofp\libg.a(libc_a-mprec.o)
                0x000000000800708c                __mcmp
 *fill*         0x00000000080070c2        0x2 
 .text.__mdiff  0x00000000080070c4      0x118 F:/cubeide/STM32CubeIDE_1.14.1/STM32CubeIDE/plugins/com.st.stm32cube.ide.mcu.externaltools.gnu-tools-for-stm32.11.3.rel1.win32_1.1.100.202309141235/tools/bin/../lib/gcc/arm-none-eabi/11.3.1/../../../../arm-none-eabi/lib/thumb/v7-m/nofp\libg.a(libc_a-mprec.o)
                0x00000000080070c4                __mdiff
 .text.__d2b    0x00000000080071dc       0xac F:/cubeide/STM32CubeIDE_1.14.1/STM32CubeIDE/plugins/com.st.stm32cube.ide.mcu.externaltools.gnu-tools-for-stm32.11.3.rel1.win32_1.1.100.202309141235/tools/bin/../lib/gcc/arm-none-eabi/11.3.1/../../../../arm-none-eabi/lib/thumb/v7-m/nofp\libg.a(libc_a-mprec.o)
                0x00000000080071dc                __d2b
 .text._realloc_r
                0x0000000008007288      0x354 F:/cubeide/STM32CubeIDE_1.14.1/STM32CubeIDE/plugins/com.st.stm32cube.ide.mcu.externaltools.gnu-tools-for-stm32.11.3.rel1.win32_1.1.100.202309141235/tools/bin/../lib/gcc/arm-none-eabi/11.3.1/../../../../arm-none-eabi/lib/thumb/v7-m/nofp\libg.a(libc_a-reallocr.o)
                0x0000000008007288                _realloc_r
 .text.__ascii_wctomb
                0x00000000080075dc       0x1a F:/cubeide/STM32CubeIDE_1.14.1/STM32CubeIDE/plugins/com.st.stm32cube.ide.mcu.externaltools.gnu-tools-for-stm32.11.3.rel1.win32_1.1.100.202309141235/tools/bin/../lib/gcc/arm-none-eabi/11.3.1/../../../../arm-none-eabi/lib/thumb/v7-m/nofp\libg.a(libc_a-wctomb_r.o)
                0x00000000080075dc                __ascii_wctomb
 *fill*         0x00000000080075f6        0x2 
 .text._wcrtomb_r
                0x00000000080075f8       0x2c F:/cubeide/STM32CubeIDE_1.14.1/STM32CubeIDE/plugins/com.st.stm32cube.ide.mcu.externaltools.gnu-tools-for-stm32.11.3.rel1.win32_1.1.100.202309141235/tools/bin/../lib/gcc/arm-none-eabi/11.3.1/../../../../arm-none-eabi/lib/thumb/v7-m/nofp\libg.a(libc_a-wcrtomb.o)
                0x00000000080075f8                _wcrtomb_r
 .text.__swhatbuf_r
                0x0000000008007624       0x50 F:/cubeide/STM32CubeIDE_1.14.1/STM32CubeIDE/plugins/com.st.stm32cube.ide.mcu.externaltools.gnu-tools-for-stm32.11.3.rel1.win32_1.1.100.202309141235/tools/bin/../lib/gcc/arm-none-eabi/11.3.1/../../../../arm-none-eabi/lib/thumb/v7-m/nofp\libg.a(libc_a-makebuf.o)
                0x0000000008007624                __swhatbuf_r
 .text.__smakebuf_r
                0x0000000008007674       0x78 F:/cubeide/STM32CubeIDE_1.14.1/STM32CubeIDE/plugins/com.st.stm32cube.ide.mcu.externaltools.gnu-tools-for-stm32.11.3.rel1.win32_1.1.100.202309141235/tools/bin/../lib/gcc/arm-none-eabi/11.3.1/../../../../arm-none-eabi/lib/thumb/v7-m/nofp\libg.a(libc_a-makebuf.o)
                0x0000000008007674                __smakebuf_r
 .text.__swbuf_r
                0x00000000080076ec       0x92 F:/cubeide/STM32CubeIDE_1.14.1/STM32CubeIDE/plugins/com.st.stm32cube.ide.mcu.externaltools.gnu-tools-for-stm32.11.3.rel1.win32_1.1.100.202309141235/tools/bin/../lib/gcc/arm-none-eabi/11.3.1/../../../../arm-none-eabi/lib/thumb/v7-m/nofp\libg.a(libc_a-wbuf.o)
                0x00000000080076ec                __swbuf_r
 *fill*         0x000000000800777e        0x2 
 .text._fstat_r
                0x0000000008007780       0x24 F:/cubeide/STM32CubeIDE_1.14.1/STM32CubeIDE/plugins/com.st.stm32cube.ide.mcu.externaltools.gnu-tools-for-stm32.11.3.rel1.win32_1.1.100.202309141235/tools/bin/../lib/gcc/arm-none-eabi/11.3.1/../../../../arm-none-eabi/lib/thumb/v7-m/nofp\libg.a(libc_a-fstatr.o)
                0x0000000008007780                _fstat_r
 .text._isatty_r
                0x00000000080077a4       0x20 F:/cubeide/STM32CubeIDE_1.14.1/STM32CubeIDE/plugins/com.st.stm32cube.ide.mcu.externaltools.gnu-tools-for-stm32.11.3.rel1.win32_1.1.100.202309141235/tools/bin/../lib/gcc/arm-none-eabi/11.3.1/../../../../arm-none-eabi/lib/thumb/v7-m/nofp\libg.a(libc_a-isattyr.o)
                0x00000000080077a4                _isatty_r
 .text.__assert_func
                0x00000000080077c4       0x3c F:/cubeide/STM32CubeIDE_1.14.1/STM32CubeIDE/plugins/com.st.stm32cube.ide.mcu.externaltools.gnu-tools-for-stm32.11.3.rel1.win32_1.1.100.202309141235/tools/bin/../lib/gcc/arm-none-eabi/11.3.1/../../../../arm-none-eabi/lib/thumb/v7-m/nofp\libg.a(libc_a-assert.o)
                0x00000000080077c4                __assert_func
 .text._calloc_r
                0x0000000008007800       0x6a F:/cubeide/STM32CubeIDE_1.14.1/STM32CubeIDE/plugins/com.st.stm32cube.ide.mcu.externaltools.gnu-tools-for-stm32.11.3.rel1.win32_1.1.100.202309141235/tools/bin/../lib/gcc/arm-none-eabi/11.3.1/../../../../arm-none-eabi/lib/thumb/v7-m/nofp\libg.a(libc_a-callocr.o)
                0x0000000008007800                _calloc_r
 *fill*         0x000000000800786a        0x2 
 .text.fiprintf
                0x000000000800786c       0x24 F:/cubeide/STM32CubeIDE_1.14.1/STM32CubeIDE/plugins/com.st.stm32cube.ide.mcu.externaltools.gnu-tools-for-stm32.11.3.rel1.win32_1.1.100.202309141235/tools/bin/../lib/gcc/arm-none-eabi/11.3.1/../../../../arm-none-eabi/lib/thumb/v7-m/nofp\libg.a(libc_a-fiprintf.o)
                0x000000000800786c                fiprintf
 .text.abort    0x0000000008007890        0xe F:/cubeide/STM32CubeIDE_1.14.1/STM32CubeIDE/plugins/com.st.stm32cube.ide.mcu.externaltools.gnu-tools-for-stm32.11.3.rel1.win32_1.1.100.202309141235/tools/bin/../lib/gcc/arm-none-eabi/11.3.1/../../../../arm-none-eabi/lib/thumb/v7-m/nofp\libg.a(libc_a-abort.o)
                0x0000000008007890                abort
 .text._raise_r
                0x000000000800789e       0x52 F:/cubeide/STM32CubeIDE_1.14.1/STM32CubeIDE/plugins/com.st.stm32cube.ide.mcu.externaltools.gnu-tools-for-stm32.11.3.rel1.win32_1.1.100.202309141235/tools/bin/../lib/gcc/arm-none-eabi/11.3.1/../../../../arm-none-eabi/lib/thumb/v7-m/nofp\libg.a(libc_a-signal.o)
                0x000000000800789e                _raise_r
 .text.raise    0x00000000080078f0       0x10 F:/cubeide/STM32CubeIDE_1.14.1/STM32CubeIDE/plugins/com.st.stm32cube.ide.mcu.externaltools.gnu-tools-for-stm32.11.3.rel1.win32_1.1.100.202309141235/tools/bin/../lib/gcc/arm-none-eabi/11.3.1/../../../../arm-none-eabi/lib/thumb/v7-m/nofp\libg.a(libc_a-signal.o)
                0x00000000080078f0                raise
 .text._kill_r  0x0000000008007900       0x24 F:/cubeide/STM32CubeIDE_1.14.1/STM32CubeIDE/plugins/com.st.stm32cube.ide.mcu.externaltools.gnu-tools-for-stm32.11.3.rel1.win32_1.1.100.202309141235/tools/bin/../lib/gcc/arm-none-eabi/11.3.1/../../../../arm-none-eabi/lib/thumb/v7-m/nofp\libg.a(libc_a-signalr.o)
                0x0000000008007900                _kill_r
 .text._getpid_r
                0x0000000008007924        0x4 F:/cubeide/STM32CubeIDE_1.14.1/STM32CubeIDE/plugins/com.st.stm32cube.ide.mcu.externaltools.gnu-tools-for-stm32.11.3.rel1.win32_1.1.100.202309141235/tools/bin/../lib/gcc/arm-none-eabi/11.3.1/../../../../arm-none-eabi/lib/thumb/v7-m/nofp\libg.a(libc_a-signalr.o)
                0x0000000008007924                _getpid_r
 *(.glue_7)
 .glue_7        0x0000000008007928        0x0 linker stubs
 *(.glue_7t)
 .glue_7t       0x0000000008007928        0x0 linker stubs
 *(.eh_frame)
 .eh_frame      0x0000000008007928        0x0 F:/cubeide/STM32CubeIDE_1.14.1/STM32CubeIDE/plugins/com.st.stm32cube.ide.mcu.externaltools.gnu-tools-for-stm32.11.3.rel1.win32_1.1.100.202309141235/tools/bin/../lib/gcc/arm-none-eabi/11.3.1/thumb/v7-m/nofp/crtbegin.o
 *(.init)
 .init          0x0000000008007928        0x4 F:/cubeide/STM32CubeIDE_1.14.1/STM32CubeIDE/plugins/com.st.stm32cube.ide.mcu.externaltools.gnu-tools-for-stm32.11.3.rel1.win32_1.1.100.202309141235/tools/bin/../lib/gcc/arm-none-eabi/11.3.1/thumb/v7-m/nofp/crti.o
                0x0000000008007928                _init
 .init          0x000000000800792c        0x8 F:/cubeide/STM32CubeIDE_1.14.1/STM32CubeIDE/plugins/com.st.stm32cube.ide.mcu.externaltools.gnu-tools-for-stm32.11.3.rel1.win32_1.1.100.202309141235/tools/bin/../lib/gcc/arm-none-eabi/11.3.1/thumb/v7-m/nofp/crtn.o
 *(.fini)
 .fini          0x0000000008007934        0x4 F:/cubeide/STM32CubeIDE_1.14.1/STM32CubeIDE/plugins/com.st.stm32cube.ide.mcu.externaltools.gnu-tools-for-stm32.11.3.rel1.win32_1.1.100.202309141235/tools/bin/../lib/gcc/arm-none-eabi/11.3.1/thumb/v7-m/nofp/crti.o
                0x0000000008007934                _fini
 .fini          0x0000000008007938        0x8 F:/cubeide/STM32CubeIDE_1.14.1/STM32CubeIDE/plugins/com.st.stm32cube.ide.mcu.externaltools.gnu-tools-for-stm32.11.3.rel1.win32_1.1.100.202309141235/tools/bin/../lib/gcc/arm-none-eabi/11.3.1/thumb/v7-m/nofp/crtn.o
                0x0000000008007940                . = ALIGN (0x4)
                0x0000000008007940                _etext = .

.vfp11_veneer   0x0000000008007940        0x0
 .vfp11_veneer  0x0000000008007940        0x0 linker stubs

.v4_bx          0x0000000008007940        0x0
 .v4_bx         0x0000000008007940        0x0 linker stubs

.iplt           0x0000000008007940        0x0
 .iplt          0x0000000008007940        0x0 F:/cubeide/STM32CubeIDE_1.14.1/STM32CubeIDE/plugins/com.st.stm32cube.ide.mcu.externaltools.gnu-tools-for-stm32.11.3.rel1.win32_1.1.100.202309141235/tools/bin/../lib/gcc/arm-none-eabi/11.3.1/thumb/v7-m/nofp/crtbegin.o

.rodata         0x0000000008007940      0x434
                0x0000000008007940                . = ALIGN (0x4)
 *(.rodata)
 .rodata        0x0000000008007940       0x1c CMakeFiles/FREERTOS_MX.elf.dir/Core/Src/freertos.c.obj
 *(.rodata*)
 .rodata.StartDefaultTask.str1.4
                0x000000000800795c       0x27 CMakeFiles/FREERTOS_MX.elf.dir/Core/Src/freertos.c.obj
 *fill*         0x0000000008007983        0x1 
 .rodata.task_print.str1.4
                0x0000000008007984        0x8 CMakeFiles/FREERTOS_MX.elf.dir/Core/Src/freertos.c.obj
 .rodata.task_print2.str1.4
                0x000000000800798c       0x1e CMakeFiles/FREERTOS_MX.elf.dir/Core/Src/freertos.c.obj
 *fill*         0x00000000080079aa        0x2 
 .rodata.str1.4
                0x00000000080079ac        0xc CMakeFiles/FREERTOS_MX.elf.dir/Core/Src/freertos.c.obj
 .rodata.AHBPrescTable
                0x00000000080079b8       0x10 CMakeFiles/FREERTOS_MX.elf.dir/Core/Src/system_stm32f1xx.c.obj
                0x00000000080079b8                AHBPrescTable
 .rodata.APBPrescTable
                0x00000000080079c8        0x8 CMakeFiles/FREERTOS_MX.elf.dir/Core/Src/system_stm32f1xx.c.obj
                0x00000000080079c8                APBPrescTable
 .rodata.aPLLMULFactorTable.1
                0x00000000080079d0       0x10 CMakeFiles/FREERTOS_MX.elf.dir/Drivers/STM32F1xx_HAL_Driver/Src/stm32f1xx_hal_rcc.c.obj
 .rodata.aPredivFactorTable.0
                0x00000000080079e0        0x2 CMakeFiles/FREERTOS_MX.elf.dir/Drivers/STM32F1xx_HAL_Driver/Src/stm32f1xx_hal_rcc.c.obj
 *fill*         0x00000000080079e2        0x2 
 .rodata.vTaskStartScheduler.str1.4
                0x00000000080079e4        0x5 CMakeFiles/FREERTOS_MX.elf.dir/Middlewares/Third_Party/FreeRTOS/Source/tasks.c.obj
 .rodata._puts_r.str1.1
                0x00000000080079e9        0x0 F:/cubeide/STM32CubeIDE_1.14.1/STM32CubeIDE/plugins/com.st.stm32cube.ide.mcu.externaltools.gnu-tools-for-stm32.11.3.rel1.win32_1.1.100.202309141235/tools/bin/../lib/gcc/arm-none-eabi/11.3.1/../../../../arm-none-eabi/lib/thumb/v7-m/nofp\libg.a(libc_a-puts.o)
                                          0x2 (size before relaxing)
 .rodata._vfprintf_r.str1.1
                0x00000000080079e9       0x34 F:/cubeide/STM32CubeIDE_1.14.1/STM32CubeIDE/plugins/com.st.stm32cube.ide.mcu.externaltools.gnu-tools-for-stm32.11.3.rel1.win32_1.1.100.202309141235/tools/bin/../lib/gcc/arm-none-eabi/11.3.1/../../../../arm-none-eabi/lib/thumb/v7-m/nofp\libg.a(libc_a-vfprintf.o)
 .rodata.blanks.1
                0x0000000008007a1d       0x10 F:/cubeide/STM32CubeIDE_1.14.1/STM32CubeIDE/plugins/com.st.stm32cube.ide.mcu.externaltools.gnu-tools-for-stm32.11.3.rel1.win32_1.1.100.202309141235/tools/bin/../lib/gcc/arm-none-eabi/11.3.1/../../../../arm-none-eabi/lib/thumb/v7-m/nofp\libg.a(libc_a-vfprintf.o)
 .rodata.zeroes.0
                0x0000000008007a2d       0x10 F:/cubeide/STM32CubeIDE_1.14.1/STM32CubeIDE/plugins/com.st.stm32cube.ide.mcu.externaltools.gnu-tools-for-stm32.11.3.rel1.win32_1.1.100.202309141235/tools/bin/../lib/gcc/arm-none-eabi/11.3.1/../../../../arm-none-eabi/lib/thumb/v7-m/nofp\libg.a(libc_a-vfprintf.o)
 .rodata._vfiprintf_r.str1.1
                0x0000000008007a3d       0x22 F:/cubeide/STM32CubeIDE_1.14.1/STM32CubeIDE/plugins/com.st.stm32cube.ide.mcu.externaltools.gnu-tools-for-stm32.11.3.rel1.win32_1.1.100.202309141235/tools/bin/../lib/gcc/arm-none-eabi/11.3.1/../../../../arm-none-eabi/lib/thumb/v7-m/nofp\libg.a(libc_a-vfiprintf.o)
 .rodata.blanks.1
                0x0000000008007a3d       0x10 F:/cubeide/STM32CubeIDE_1.14.1/STM32CubeIDE/plugins/com.st.stm32cube.ide.mcu.externaltools.gnu-tools-for-stm32.11.3.rel1.win32_1.1.100.202309141235/tools/bin/../lib/gcc/arm-none-eabi/11.3.1/../../../../arm-none-eabi/lib/thumb/v7-m/nofp\libg.a(libc_a-vfiprintf.o)
 .rodata.zeroes.0
                0x0000000008007a4d       0x10 F:/cubeide/STM32CubeIDE_1.14.1/STM32CubeIDE/plugins/com.st.stm32cube.ide.mcu.externaltools.gnu-tools-for-stm32.11.3.rel1.win32_1.1.100.202309141235/tools/bin/../lib/gcc/arm-none-eabi/11.3.1/../../../../arm-none-eabi/lib/thumb/v7-m/nofp\libg.a(libc_a-vfiprintf.o)
 .rodata._setlocale_r.str1.1
                0x0000000008007a5d        0x8 F:/cubeide/STM32CubeIDE_1.14.1/STM32CubeIDE/plugins/com.st.stm32cube.ide.mcu.externaltools.gnu-tools-for-stm32.11.3.rel1.win32_1.1.100.202309141235/tools/bin/../lib/gcc/arm-none-eabi/11.3.1/../../../../arm-none-eabi/lib/thumb/v7-m/nofp\libg.a(libc_a-locale.o)
                                          0x9 (size before relaxing)
 .rodata.str1.1
                0x0000000008007a65        0x2 F:/cubeide/STM32CubeIDE_1.14.1/STM32CubeIDE/plugins/com.st.stm32cube.ide.mcu.externaltools.gnu-tools-for-stm32.11.3.rel1.win32_1.1.100.202309141235/tools/bin/../lib/gcc/arm-none-eabi/11.3.1/../../../../arm-none-eabi/lib/thumb/v7-m/nofp\libg.a(libc_a-locale.o)
 .rodata._dtoa_r.str1.1
                0x0000000008007a67       0x76 F:/cubeide/STM32CubeIDE_1.14.1/STM32CubeIDE/plugins/com.st.stm32cube.ide.mcu.externaltools.gnu-tools-for-stm32.11.3.rel1.win32_1.1.100.202309141235/tools/bin/../lib/gcc/arm-none-eabi/11.3.1/../../../../arm-none-eabi/lib/thumb/v7-m/nofp\libg.a(libc_a-dtoa.o)
                                         0x78 (size before relaxing)
 .rodata.__multadd.str1.1
                0x0000000008007add       0x59 F:/cubeide/STM32CubeIDE_1.14.1/STM32CubeIDE/plugins/com.st.stm32cube.ide.mcu.externaltools.gnu-tools-for-stm32.11.3.rel1.win32_1.1.100.202309141235/tools/bin/../lib/gcc/arm-none-eabi/11.3.1/../../../../arm-none-eabi/lib/thumb/v7-m/nofp\libg.a(libc_a-mprec.o)
                                         0x6a (size before relaxing)
 *fill*         0x0000000008007b36        0x2 
 .rodata.__mprec_bigtens
                0x0000000008007b38       0x28 F:/cubeide/STM32CubeIDE_1.14.1/STM32CubeIDE/plugins/com.st.stm32cube.ide.mcu.externaltools.gnu-tools-for-stm32.11.3.rel1.win32_1.1.100.202309141235/tools/bin/../lib/gcc/arm-none-eabi/11.3.1/../../../../arm-none-eabi/lib/thumb/v7-m/nofp\libg.a(libc_a-mprec.o)
                0x0000000008007b38                __mprec_bigtens
 .rodata.__mprec_tens
                0x0000000008007b60       0xc8 F:/cubeide/STM32CubeIDE_1.14.1/STM32CubeIDE/plugins/com.st.stm32cube.ide.mcu.externaltools.gnu-tools-for-stm32.11.3.rel1.win32_1.1.100.202309141235/tools/bin/../lib/gcc/arm-none-eabi/11.3.1/../../../../arm-none-eabi/lib/thumb/v7-m/nofp\libg.a(libc_a-mprec.o)
                0x0000000008007b60                __mprec_tens
 .rodata.p05.0  0x0000000008007c28        0xc F:/cubeide/STM32CubeIDE_1.14.1/STM32CubeIDE/plugins/com.st.stm32cube.ide.mcu.externaltools.gnu-tools-for-stm32.11.3.rel1.win32_1.1.100.202309141235/tools/bin/../lib/gcc/arm-none-eabi/11.3.1/../../../../arm-none-eabi/lib/thumb/v7-m/nofp\libg.a(libc_a-mprec.o)
 .rodata._ctype_
                0x0000000008007c34      0x101 F:/cubeide/STM32CubeIDE_1.14.1/STM32CubeIDE/plugins/com.st.stm32cube.ide.mcu.externaltools.gnu-tools-for-stm32.11.3.rel1.win32_1.1.100.202309141235/tools/bin/../lib/gcc/arm-none-eabi/11.3.1/../../../../arm-none-eabi/lib/thumb/v7-m/nofp\libg.a(libc_a-ctype_.o)
                0x0000000008007c34                _ctype_
 .rodata.__assert_func.str1.1
                0x0000000008007d35       0x3c F:/cubeide/STM32CubeIDE_1.14.1/STM32CubeIDE/plugins/com.st.stm32cube.ide.mcu.externaltools.gnu-tools-for-stm32.11.3.rel1.win32_1.1.100.202309141235/tools/bin/../lib/gcc/arm-none-eabi/11.3.1/../../../../arm-none-eabi/lib/thumb/v7-m/nofp\libg.a(libc_a-assert.o)
                                         0x3d (size before relaxing)
                0x0000000008007d74                . = ALIGN (0x4)
 *fill*         0x0000000008007d71        0x3 

.ARM.extab      0x0000000008007d74        0x0
                0x0000000008007d74                . = ALIGN (0x4)
 *(.ARM.extab* .gnu.linkonce.armextab.*)
                0x0000000008007d74                . = ALIGN (0x4)

.ARM            0x0000000008007d74        0x8
                0x0000000008007d74                . = ALIGN (0x4)
                0x0000000008007d74                __exidx_start = .
 *(.ARM.exidx*)
 .ARM.exidx     0x0000000008007d74        0x8 F:/cubeide/STM32CubeIDE_1.14.1/STM32CubeIDE/plugins/com.st.stm32cube.ide.mcu.externaltools.gnu-tools-for-stm32.11.3.rel1.win32_1.1.100.202309141235/tools/bin/../lib/gcc/arm-none-eabi/11.3.1/thumb/v7-m/nofp\libgcc.a(_udivmoddi4.o)
                0x0000000008007d7c                __exidx_end = .
                0x0000000008007d7c                . = ALIGN (0x4)

.preinit_array  0x0000000008007d7c        0x0
                0x0000000008007d7c                . = ALIGN (0x4)
                0x0000000008007d7c                PROVIDE (__preinit_array_start = .)
 *(.preinit_array*)
                0x0000000008007d7c                PROVIDE (__preinit_array_end = .)
                0x0000000008007d7c                . = ALIGN (0x4)

.init_array     0x0000000008007d7c        0x8
                0x0000000008007d7c                . = ALIGN (0x4)
                0x0000000008007d7c                PROVIDE (__init_array_start = .)
 *(SORT_BY_NAME(.init_array.*))
 .init_array.00000
                0x0000000008007d7c        0x4 F:/cubeide/STM32CubeIDE_1.14.1/STM32CubeIDE/plugins/com.st.stm32cube.ide.mcu.externaltools.gnu-tools-for-stm32.11.3.rel1.win32_1.1.100.202309141235/tools/bin/../lib/gcc/arm-none-eabi/11.3.1/../../../../arm-none-eabi/lib/thumb/v7-m/nofp\libg.a(libc_a-__call_atexit.o)
 *(.init_array*)
 .init_array    0x0000000008007d80        0x4 F:/cubeide/STM32CubeIDE_1.14.1/STM32CubeIDE/plugins/com.st.stm32cube.ide.mcu.externaltools.gnu-tools-for-stm32.11.3.rel1.win32_1.1.100.202309141235/tools/bin/../lib/gcc/arm-none-eabi/11.3.1/thumb/v7-m/nofp/crtbegin.o
                0x0000000008007d84                PROVIDE (__init_array_end = .)
                0x0000000008007d84                . = ALIGN (0x4)

.fini_array     0x0000000008007d84        0x4
                0x0000000008007d84                . = ALIGN (0x4)
                0x0000000008007d84                PROVIDE (__fini_array_start = .)
 *(SORT_BY_NAME(.fini_array.*))
 *(.fini_array*)
 .fini_array    0x0000000008007d84        0x4 F:/cubeide/STM32CubeIDE_1.14.1/STM32CubeIDE/plugins/com.st.stm32cube.ide.mcu.externaltools.gnu-tools-for-stm32.11.3.rel1.win32_1.1.100.202309141235/tools/bin/../lib/gcc/arm-none-eabi/11.3.1/thumb/v7-m/nofp/crtbegin.o
                0x0000000008007d88                PROVIDE (__fini_array_end = .)
                0x0000000008007d88                . = ALIGN (0x4)
                0x0000000008007d88                _sidata = LOADADDR (.data)

.rel.dyn        0x0000000008007d88        0x0
 .rel.iplt      0x0000000008007d88        0x0 F:/cubeide/STM32CubeIDE_1.14.1/STM32CubeIDE/plugins/com.st.stm32cube.ide.mcu.externaltools.gnu-tools-for-stm32.11.3.rel1.win32_1.1.100.202309141235/tools/bin/../lib/gcc/arm-none-eabi/11.3.1/thumb/v7-m/nofp/crtbegin.o

.data           0x0000000020000000      0x6c4 load address 0x0000000008007d88
                0x0000000020000000                . = ALIGN (0x4)
                0x0000000020000000                _sdata = .
 *(.data)
 *(.data*)
 .data.times    0x0000000020000000        0x4 CMakeFiles/FREERTOS_MX.elf.dir/Core/Src/freertos.c.obj
                0x0000000020000000                times
 .data.SystemCoreClock
                0x0000000020000004        0x4 CMakeFiles/FREERTOS_MX.elf.dir/Core/Src/system_stm32f1xx.c.obj
                0x0000000020000004                SystemCoreClock
 .data.uwTickFreq
                0x0000000020000008        0x1 CMakeFiles/FREERTOS_MX.elf.dir/Drivers/STM32F1xx_HAL_Driver/Src/stm32f1xx_hal.c.obj
                0x0000000020000008                uwTickFreq
 *fill*         0x0000000020000009        0x3 
 .data.uwTickPrio
                0x000000002000000c        0x4 CMakeFiles/FREERTOS_MX.elf.dir/Drivers/STM32F1xx_HAL_Driver/Src/stm32f1xx_hal.c.obj
                0x000000002000000c                uwTickPrio
 .data.uxCriticalNesting
                0x0000000020000010        0x4 CMakeFiles/FREERTOS_MX.elf.dir/Middlewares/Third_Party/FreeRTOS/Source/portable/GCC/ARM_CM3/port.c.obj
 .data.__sglue  0x0000000020000014        0xc F:/cubeide/STM32CubeIDE_1.14.1/STM32CubeIDE/plugins/com.st.stm32cube.ide.mcu.externaltools.gnu-tools-for-stm32.11.3.rel1.win32_1.1.100.202309141235/tools/bin/../lib/gcc/arm-none-eabi/11.3.1/../../../../arm-none-eabi/lib/thumb/v7-m/nofp\libg.a(libc_a-findfp.o)
                0x0000000020000014                __sglue
 .data._impure_data
                0x0000000020000020      0x120 F:/cubeide/STM32CubeIDE_1.14.1/STM32CubeIDE/plugins/com.st.stm32cube.ide.mcu.externaltools.gnu-tools-for-stm32.11.3.rel1.win32_1.1.100.202309141235/tools/bin/../lib/gcc/arm-none-eabi/11.3.1/../../../../arm-none-eabi/lib/thumb/v7-m/nofp\libg.a(libc_a-impure.o)
                0x0000000020000020                _impure_data
 .data._impure_ptr
                0x0000000020000140        0x4 F:/cubeide/STM32CubeIDE_1.14.1/STM32CubeIDE/plugins/com.st.stm32cube.ide.mcu.externaltools.gnu-tools-for-stm32.11.3.rel1.win32_1.1.100.202309141235/tools/bin/../lib/gcc/arm-none-eabi/11.3.1/../../../../arm-none-eabi/lib/thumb/v7-m/nofp\libg.a(libc_a-impure.o)
                0x0000000020000140                _impure_ptr
 .data.__atexit_recursive_mutex
                0x0000000020000144        0x4 F:/cubeide/STM32CubeIDE_1.14.1/STM32CubeIDE/plugins/com.st.stm32cube.ide.mcu.externaltools.gnu-tools-for-stm32.11.3.rel1.win32_1.1.100.202309141235/tools/bin/../lib/gcc/arm-none-eabi/11.3.1/../../../../arm-none-eabi/lib/thumb/v7-m/nofp\libg.a(libc_a-__call_atexit.o)
                0x0000000020000144                __atexit_recursive_mutex
 .data.__malloc_av_
                0x0000000020000148      0x408 F:/cubeide/STM32CubeIDE_1.14.1/STM32CubeIDE/plugins/com.st.stm32cube.ide.mcu.externaltools.gnu-tools-for-stm32.11.3.rel1.win32_1.1.100.202309141235/tools/bin/../lib/gcc/arm-none-eabi/11.3.1/../../../../arm-none-eabi/lib/thumb/v7-m/nofp\libg.a(libc_a-mallocr.o)
                0x0000000020000148                __malloc_av_
 .data.__malloc_sbrk_base
                0x0000000020000550        0x4 F:/cubeide/STM32CubeIDE_1.14.1/STM32CubeIDE/plugins/com.st.stm32cube.ide.mcu.externaltools.gnu-tools-for-stm32.11.3.rel1.win32_1.1.100.202309141235/tools/bin/../lib/gcc/arm-none-eabi/11.3.1/../../../../arm-none-eabi/lib/thumb/v7-m/nofp\libg.a(libc_a-mallocr.o)
                0x0000000020000550                __malloc_sbrk_base
 .data.__malloc_trim_threshold
                0x0000000020000554        0x4 F:/cubeide/STM32CubeIDE_1.14.1/STM32CubeIDE/plugins/com.st.stm32cube.ide.mcu.externaltools.gnu-tools-for-stm32.11.3.rel1.win32_1.1.100.202309141235/tools/bin/../lib/gcc/arm-none-eabi/11.3.1/../../../../arm-none-eabi/lib/thumb/v7-m/nofp\libg.a(libc_a-mallocr.o)
                0x0000000020000554                __malloc_trim_threshold
 .data.__global_locale
                0x0000000020000558      0x16c F:/cubeide/STM32CubeIDE_1.14.1/STM32CubeIDE/plugins/com.st.stm32cube.ide.mcu.externaltools.gnu-tools-for-stm32.11.3.rel1.win32_1.1.100.202309141235/tools/bin/../lib/gcc/arm-none-eabi/11.3.1/../../../../arm-none-eabi/lib/thumb/v7-m/nofp\libg.a(libc_a-locale.o)
                0x0000000020000558                __global_locale
 *(.RamFunc)
 *(.RamFunc*)
                0x00000000200006c4                . = ALIGN (0x4)
                0x00000000200006c4                _edata = .

.igot.plt       0x00000000200006c4        0x0 load address 0x000000000800844c
 .igot.plt      0x00000000200006c4        0x0 F:/cubeide/STM32CubeIDE_1.14.1/STM32CubeIDE/plugins/com.st.stm32cube.ide.mcu.externaltools.gnu-tools-for-stm32.11.3.rel1.win32_1.1.100.202309141235/tools/bin/../lib/gcc/arm-none-eabi/11.3.1/thumb/v7-m/nofp/crtbegin.o
                0x00000000200006c4                . = ALIGN (0x4)

.bss            0x00000000200006c4     0x1364 load address 0x000000000800844c
                0x00000000200006c4                _sbss = .
                0x00000000200006c4                __bss_start__ = _sbss
 *(.bss)
 .bss           0x00000000200006c4       0x1c F:/cubeide/STM32CubeIDE_1.14.1/STM32CubeIDE/plugins/com.st.stm32cube.ide.mcu.externaltools.gnu-tools-for-stm32.11.3.rel1.win32_1.1.100.202309141235/tools/bin/../lib/gcc/arm-none-eabi/11.3.1/thumb/v7-m/nofp/crtbegin.o
 *(.bss*)
 .bss.defaultTaskHandle
                0x00000000200006e0        0x4 CMakeFiles/FREERTOS_MX.elf.dir/Core/Src/freertos.c.obj
                0x00000000200006e0                defaultTaskHandle
 .bss.xIdleStack
                0x00000000200006e4      0x200 CMakeFiles/FREERTOS_MX.elf.dir/Core/Src/freertos.c.obj
 .bss.xIdleTaskTCBBuffer
                0x00000000200008e4       0x54 CMakeFiles/FREERTOS_MX.elf.dir/Core/Src/freertos.c.obj
 .bss.htim1     0x0000000020000938       0x48 CMakeFiles/FREERTOS_MX.elf.dir/Core/Src/stm32f1xx_hal_timebase_tim.c.obj
                0x0000000020000938                htim1
 .bss.__sbrk_heap_end
                0x0000000020000980        0x4 CMakeFiles/FREERTOS_MX.elf.dir/Core/Src/sysmem.c.obj
 .bss.huart1    0x0000000020000984       0x48 CMakeFiles/FREERTOS_MX.elf.dir/Core/Src/usart.c.obj
                0x0000000020000984                huart1
 .bss.uwTick    0x00000000200009cc        0x4 CMakeFiles/FREERTOS_MX.elf.dir/Drivers/STM32F1xx_HAL_Driver/Src/stm32f1xx_hal.c.obj
                0x00000000200009cc                uwTick
 .bss.ucMaxSysCallPriority
                0x00000000200009d0        0x1 CMakeFiles/FREERTOS_MX.elf.dir/Middlewares/Third_Party/FreeRTOS/Source/portable/GCC/ARM_CM3/port.c.obj
 *fill*         0x00000000200009d1        0x3 
 .bss.ulMaxPRIGROUPValue
                0x00000000200009d4        0x4 CMakeFiles/FREERTOS_MX.elf.dir/Middlewares/Third_Party/FreeRTOS/Source/portable/GCC/ARM_CM3/port.c.obj
 .bss.pxEnd     0x00000000200009d8        0x4 CMakeFiles/FREERTOS_MX.elf.dir/Middlewares/Third_Party/FreeRTOS/Source/portable/MemMang/heap_4.c.obj
 .bss.ucHeap    0x00000000200009dc      0xc00 CMakeFiles/FREERTOS_MX.elf.dir/Middlewares/Third_Party/FreeRTOS/Source/portable/MemMang/heap_4.c.obj
 .bss.xBlockAllocatedBit
                0x00000000200015dc        0x4 CMakeFiles/FREERTOS_MX.elf.dir/Middlewares/Third_Party/FreeRTOS/Source/portable/MemMang/heap_4.c.obj
 .bss.xFreeBytesRemaining
                0x00000000200015e0        0x4 CMakeFiles/FREERTOS_MX.elf.dir/Middlewares/Third_Party/FreeRTOS/Source/portable/MemMang/heap_4.c.obj
 .bss.xMinimumEverFreeBytesRemaining
                0x00000000200015e4        0x4 CMakeFiles/FREERTOS_MX.elf.dir/Middlewares/Third_Party/FreeRTOS/Source/portable/MemMang/heap_4.c.obj
 .bss.xStart    0x00000000200015e8        0x8 CMakeFiles/FREERTOS_MX.elf.dir/Middlewares/Third_Party/FreeRTOS/Source/portable/MemMang/heap_4.c.obj
 .bss.pxCurrentTCB
                0x00000000200015f0        0x4 CMakeFiles/FREERTOS_MX.elf.dir/Middlewares/Third_Party/FreeRTOS/Source/tasks.c.obj
                0x00000000200015f0                pxCurrentTCB
 .bss.pxDelayedTaskList
                0x00000000200015f4        0x4 CMakeFiles/FREERTOS_MX.elf.dir/Middlewares/Third_Party/FreeRTOS/Source/tasks.c.obj
 .bss.pxOverflowDelayedTaskList
                0x00000000200015f8        0x4 CMakeFiles/FREERTOS_MX.elf.dir/Middlewares/Third_Party/FreeRTOS/Source/tasks.c.obj
 .bss.pxReadyTasksLists
                0x00000000200015fc       0x8c CMakeFiles/FREERTOS_MX.elf.dir/Middlewares/Third_Party/FreeRTOS/Source/tasks.c.obj
 .bss.uxCurrentNumberOfTasks
                0x0000000020001688        0x4 CMakeFiles/FREERTOS_MX.elf.dir/Middlewares/Third_Party/FreeRTOS/Source/tasks.c.obj
 .bss.uxDeletedTasksWaitingCleanUp
                0x000000002000168c        0x4 CMakeFiles/FREERTOS_MX.elf.dir/Middlewares/Third_Party/FreeRTOS/Source/tasks.c.obj
 .bss.uxPendedTicks
                0x0000000020001690        0x4 CMakeFiles/FREERTOS_MX.elf.dir/Middlewares/Third_Party/FreeRTOS/Source/tasks.c.obj
 .bss.uxSchedulerSuspended
                0x0000000020001694        0x4 CMakeFiles/FREERTOS_MX.elf.dir/Middlewares/Third_Party/FreeRTOS/Source/tasks.c.obj
 .bss.uxTaskNumber
                0x0000000020001698        0x4 CMakeFiles/FREERTOS_MX.elf.dir/Middlewares/Third_Party/FreeRTOS/Source/tasks.c.obj
 .bss.uxTopReadyPriority
                0x000000002000169c        0x4 CMakeFiles/FREERTOS_MX.elf.dir/Middlewares/Third_Party/FreeRTOS/Source/tasks.c.obj
 .bss.xDelayedTaskList1
                0x00000000200016a0       0x14 CMakeFiles/FREERTOS_MX.elf.dir/Middlewares/Third_Party/FreeRTOS/Source/tasks.c.obj
 .bss.xDelayedTaskList2
                0x00000000200016b4       0x14 CMakeFiles/FREERTOS_MX.elf.dir/Middlewares/Third_Party/FreeRTOS/Source/tasks.c.obj
 .bss.xIdleTaskHandle
                0x00000000200016c8        0x4 CMakeFiles/FREERTOS_MX.elf.dir/Middlewares/Third_Party/FreeRTOS/Source/tasks.c.obj
 .bss.xNextTaskUnblockTime
                0x00000000200016cc        0x4 CMakeFiles/FREERTOS_MX.elf.dir/Middlewares/Third_Party/FreeRTOS/Source/tasks.c.obj
 .bss.xNumOfOverflows
                0x00000000200016d0        0x4 CMakeFiles/FREERTOS_MX.elf.dir/Middlewares/Third_Party/FreeRTOS/Source/tasks.c.obj
 .bss.xPendingReadyList
                0x00000000200016d4       0x14 CMakeFiles/FREERTOS_MX.elf.dir/Middlewares/Third_Party/FreeRTOS/Source/tasks.c.obj
 .bss.xSchedulerRunning
                0x00000000200016e8        0x4 CMakeFiles/FREERTOS_MX.elf.dir/Middlewares/Third_Party/FreeRTOS/Source/tasks.c.obj
 .bss.xSuspendedTaskList
                0x00000000200016ec       0x14 CMakeFiles/FREERTOS_MX.elf.dir/Middlewares/Third_Party/FreeRTOS/Source/tasks.c.obj
 .bss.xTasksWaitingTermination
                0x0000000020001700       0x14 CMakeFiles/FREERTOS_MX.elf.dir/Middlewares/Third_Party/FreeRTOS/Source/tasks.c.obj
 .bss.xTickCount
                0x0000000020001714        0x4 CMakeFiles/FREERTOS_MX.elf.dir/Middlewares/Third_Party/FreeRTOS/Source/tasks.c.obj
 .bss.xYieldPending
                0x0000000020001718        0x4 CMakeFiles/FREERTOS_MX.elf.dir/Middlewares/Third_Party/FreeRTOS/Source/tasks.c.obj
 .bss.__sf      0x000000002000171c      0x138 F:/cubeide/STM32CubeIDE_1.14.1/STM32CubeIDE/plugins/com.st.stm32cube.ide.mcu.externaltools.gnu-tools-for-stm32.11.3.rel1.win32_1.1.100.202309141235/tools/bin/../lib/gcc/arm-none-eabi/11.3.1/../../../../arm-none-eabi/lib/thumb/v7-m/nofp\libg.a(libc_a-findfp.o)
                0x000000002000171c                __sf
 .bss.__stdio_exit_handler
                0x0000000020001854        0x4 F:/cubeide/STM32CubeIDE_1.14.1/STM32CubeIDE/plugins/com.st.stm32cube.ide.mcu.externaltools.gnu-tools-for-stm32.11.3.rel1.win32_1.1.100.202309141235/tools/bin/../lib/gcc/arm-none-eabi/11.3.1/../../../../arm-none-eabi/lib/thumb/v7-m/nofp\libg.a(libc_a-findfp.o)
                0x0000000020001854                __stdio_exit_handler
 .bss.errno     0x0000000020001858        0x4 F:/cubeide/STM32CubeIDE_1.14.1/STM32CubeIDE/plugins/com.st.stm32cube.ide.mcu.externaltools.gnu-tools-for-stm32.11.3.rel1.win32_1.1.100.202309141235/tools/bin/../lib/gcc/arm-none-eabi/11.3.1/../../../../arm-none-eabi/lib/thumb/v7-m/nofp\libg.a(libc_a-reent.o)
                0x0000000020001858                errno
 .bss.__lock___atexit_recursive_mutex
                0x000000002000185c        0x1 F:/cubeide/STM32CubeIDE_1.14.1/STM32CubeIDE/plugins/com.st.stm32cube.ide.mcu.externaltools.gnu-tools-for-stm32.11.3.rel1.win32_1.1.100.202309141235/tools/bin/../lib/gcc/arm-none-eabi/11.3.1/../../../../arm-none-eabi/lib/thumb/v7-m/nofp\libg.a(libc_a-lock.o)
                0x000000002000185c                __lock___atexit_recursive_mutex
 .bss.__lock___malloc_recursive_mutex